Component: Arm Compiler for Embedded 6.19 Tool: armlink [5e73cb00]

==============================================================================

Section Cross References

    main.o(.text.random) refers to rand.o(.emb_text) for rand
    main.o(.ARM.exidx.text.random) refers to main.o(.text.random) for [Anonymous Symbol]
    main.o(.ARM.exidx.text.delay) refers to main.o(.text.delay) for [Anonymous Symbol]
    main.o(.text.Right_load) refers to main.o(.rodata..L__const.Right_load.PA5) for .L__const.Right_load.PA5
    main.o(.text.Right_load) refers to gpio.o(.text.GPIO_Init) for GPIO_Init
    main.o(.text.Right_load) refers to main.o(.rodata..L__const.Right_load.PA6) for .L__const.Right_load.PA6
    main.o(.text.Right_load) refers to main.o(.rodata..L__const.Right_load.PA7) for .L__const.Right_load.PA7
    main.o(.text.Right_load) refers to main.o(.data.high) for high
    main.o(.text.Right_load) refers to gpio.o(.text.GPIO_WritePin) for GPIO_WritePin
    main.o(.text.Right_load) refers to main.o(.bss.low) for low
    main.o(.ARM.exidx.text.Right_load) refers to main.o(.text.Right_load) for [Anonymous Symbol]
    main.o(.text.Left_load) refers to main.o(.rodata..L__const.Left_load.PB13) for .L__const.Left_load.PB13
    main.o(.text.Left_load) refers to gpio.o(.text.GPIO_Init) for GPIO_Init
    main.o(.text.Left_load) refers to main.o(.rodata..L__const.Left_load.PB14) for .L__const.Left_load.PB14
    main.o(.text.Left_load) refers to main.o(.rodata..L__const.Left_load.PB15) for .L__const.Left_load.PB15
    main.o(.text.Left_load) refers to main.o(.data.high) for high
    main.o(.text.Left_load) refers to gpio.o(.text.GPIO_WritePin) for GPIO_WritePin
    main.o(.text.Left_load) refers to main.o(.bss.low) for low
    main.o(.ARM.exidx.text.Left_load) refers to main.o(.text.Left_load) for [Anonymous Symbol]
    main.o(.text.Up_load) refers to main.o(.rodata..L__const.Up_load.PC13) for .L__const.Up_load.PC13
    main.o(.text.Up_load) refers to gpio.o(.text.GPIO_Init) for GPIO_Init
    main.o(.text.Up_load) refers to main.o(.rodata..L__const.Up_load.PC10) for .L__const.Up_load.PC10
    main.o(.text.Up_load) refers to main.o(.rodata..L__const.Up_load.PC12) for .L__const.Up_load.PC12
    main.o(.text.Up_load) refers to main.o(.data.high) for high
    main.o(.text.Up_load) refers to gpio.o(.text.GPIO_WritePin) for GPIO_WritePin
    main.o(.text.Up_load) refers to main.o(.bss.low) for low
    main.o(.ARM.exidx.text.Up_load) refers to main.o(.text.Up_load) for [Anonymous Symbol]
    main.o(.text.Down_load) refers to main.o(.rodata..L__const.Down_load.PA9) for .L__const.Down_load.PA9
    main.o(.text.Down_load) refers to gpio.o(.text.GPIO_Init) for GPIO_Init
    main.o(.text.Down_load) refers to main.o(.rodata..L__const.Down_load.PA11) for .L__const.Down_load.PA11
    main.o(.text.Down_load) refers to main.o(.rodata..L__const.Down_load.PA12) for .L__const.Down_load.PA12
    main.o(.text.Down_load) refers to main.o(.data.high) for high
    main.o(.text.Down_load) refers to gpio.o(.text.GPIO_WritePin) for GPIO_WritePin
    main.o(.text.Down_load) refers to main.o(.bss.low) for low
    main.o(.ARM.exidx.text.Down_load) refers to main.o(.text.Down_load) for [Anonymous Symbol]
    main.o(.text.left_right_ani) refers to main.o(.rodata..L__const.left_right_ani.PA5) for .L__const.left_right_ani.PA5
    main.o(.text.left_right_ani) refers to gpio.o(.text.GPIO_Init) for GPIO_Init
    main.o(.text.left_right_ani) refers to main.o(.rodata..L__const.left_right_ani.PA6) for .L__const.left_right_ani.PA6
    main.o(.text.left_right_ani) refers to main.o(.rodata..L__const.left_right_ani.PA7) for .L__const.left_right_ani.PA7
    main.o(.text.left_right_ani) refers to main.o(.rodata..L__const.left_right_ani.PB13) for .L__const.left_right_ani.PB13
    main.o(.text.left_right_ani) refers to main.o(.rodata..L__const.left_right_ani.PB14) for .L__const.left_right_ani.PB14
    main.o(.text.left_right_ani) refers to main.o(.rodata..L__const.left_right_ani.PB15) for .L__const.left_right_ani.PB15
    main.o(.text.left_right_ani) refers to main.o(.data.high) for high
    main.o(.text.left_right_ani) refers to gpio.o(.text.GPIO_WritePin) for GPIO_WritePin
    main.o(.text.left_right_ani) refers to sys_init.o(.text.ms_delay) for ms_delay
    main.o(.text.left_right_ani) refers to main.o(.bss.low) for low
    main.o(.ARM.exidx.text.left_right_ani) refers to main.o(.text.left_right_ani) for [Anonymous Symbol]
    main.o(.text.up_down_ani) refers to main.o(.rodata..L__const.up_down_ani.PA9) for .L__const.up_down_ani.PA9
    main.o(.text.up_down_ani) refers to gpio.o(.text.GPIO_Init) for GPIO_Init
    main.o(.text.up_down_ani) refers to main.o(.rodata..L__const.up_down_ani.PA11) for .L__const.up_down_ani.PA11
    main.o(.text.up_down_ani) refers to main.o(.rodata..L__const.up_down_ani.PA12) for .L__const.up_down_ani.PA12
    main.o(.text.up_down_ani) refers to main.o(.rodata..L__const.up_down_ani.PC13) for .L__const.up_down_ani.PC13
    main.o(.text.up_down_ani) refers to main.o(.rodata..L__const.up_down_ani.PC10) for .L__const.up_down_ani.PC10
    main.o(.text.up_down_ani) refers to main.o(.rodata..L__const.up_down_ani.PC12) for .L__const.up_down_ani.PC12
    main.o(.text.up_down_ani) refers to main.o(.data.high) for high
    main.o(.text.up_down_ani) refers to gpio.o(.text.GPIO_WritePin) for GPIO_WritePin
    main.o(.text.up_down_ani) refers to sys_init.o(.text.ms_delay) for ms_delay
    main.o(.text.up_down_ani) refers to main.o(.bss.low) for low
    main.o(.ARM.exidx.text.up_down_ani) refers to main.o(.text.up_down_ani) for [Anonymous Symbol]
    main.o(.text.main) refers to clock.o(.text.initClock) for initClock
    main.o(.text.main) refers to sys_init.o(.text.sysInit) for sysInit
    main.o(.text.main) refers to main.o(.rodata..L__const.main.PA5) for .L__const.main.PA5
    main.o(.text.main) refers to gpio.o(.text.GPIO_Init) for GPIO_Init
    main.o(.text.main) refers to main.o(.rodata..L__const.main.PA6) for .L__const.main.PA6
    main.o(.text.main) refers to main.o(.rodata..L__const.main.PA7) for .L__const.main.PA7
    main.o(.text.main) refers to main.o(.rodata..L__const.main.IN_LoadR) for .L__const.main.IN_LoadR
    main.o(.text.main) refers to main.o(.rodata..L__const.main.PB13) for .L__const.main.PB13
    main.o(.text.main) refers to main.o(.rodata..L__const.main.PB14) for .L__const.main.PB14
    main.o(.text.main) refers to main.o(.rodata..L__const.main.PB15) for .L__const.main.PB15
    main.o(.text.main) refers to main.o(.rodata..L__const.main.IN_LoadL) for .L__const.main.IN_LoadL
    main.o(.text.main) refers to main.o(.rodata..L__const.main.PA9) for .L__const.main.PA9
    main.o(.text.main) refers to main.o(.rodata..L__const.main.PA11) for .L__const.main.PA11
    main.o(.text.main) refers to main.o(.rodata..L__const.main.PA12) for .L__const.main.PA12
    main.o(.text.main) refers to main.o(.rodata..L__const.main.IN_LoadD) for .L__const.main.IN_LoadD
    main.o(.text.main) refers to main.o(.rodata..L__const.main.PC13) for .L__const.main.PC13
    main.o(.text.main) refers to main.o(.rodata..L__const.main.PC10) for .L__const.main.PC10
    main.o(.text.main) refers to main.o(.rodata..L__const.main.PC12) for .L__const.main.PC12
    main.o(.text.main) refers to main.o(.rodata..L__const.main.IN_LoadU) for .L__const.main.IN_LoadU
    main.o(.text.main) refers to main.o(.rodata..L__const.main.G1_PC5) for .L__const.main.G1_PC5
    main.o(.text.main) refers to main.o(.rodata..L__const.main.Y1_PC6) for .L__const.main.Y1_PC6
    main.o(.text.main) refers to main.o(.rodata..L__const.main.R1_PC8) for .L__const.main.R1_PC8
    main.o(.text.main) refers to main.o(.rodata..L__const.main.IN_GreenLR) for .L__const.main.IN_GreenLR
    main.o(.text.main) refers to main.o(.rodata..L__const.main.G2_PA0) for .L__const.main.G2_PA0
    main.o(.text.main) refers to main.o(.rodata..L__const.main.Y2_PA1) for .L__const.main.Y2_PA1
    main.o(.text.main) refers to main.o(.rodata..L__const.main.R2_PA4) for .L__const.main.R2_PA4
    main.o(.text.main) refers to main.o(.rodata..L__const.main.IN_GreenUD) for .L__const.main.IN_GreenUD
    main.o(.text.main) refers to main.o(.bss.low) for low
    main.o(.text.main) refers to gpio.o(.text.GPIO_WritePin) for GPIO_WritePin
    main.o(.text.main) refers to rand.o(.emb_text) for rand
    main.o(.text.main) refers to main.o(.data.high) for high
    main.o(.text.main) refers to gpio.o(.text.GPIO_ReadPin) for GPIO_ReadPin
    main.o(.text.main) refers to main.o(.text.left_right_ani) for left_right_ani
    main.o(.text.main) refers to main.o(.text.Right_load) for Right_load
    main.o(.text.main) refers to main.o(.text.Left_load) for Left_load
    main.o(.text.main) refers to sys_init.o(.text.ms_delay) for ms_delay
    main.o(.text.main) refers to main.o(.text.up_down_ani) for up_down_ani
    main.o(.text.main) refers to main.o(.text.Up_load) for Up_load
    main.o(.text.main) refers to main.o(.text.Down_load) for Down_load
    main.o(.ARM.exidx.text.main) refers to main.o(.text.main) for [Anonymous Symbol]
    clock.o(.ARM.exidx.text.initClock) refers to clock.o(.text.initClock) for [Anonymous Symbol]
    gpio.o(.ARM.exidx.text.GPIO_WritePin) refers to gpio.o(.text.GPIO_WritePin) for [Anonymous Symbol]
    gpio.o(.ARM.exidx.text.GPIO_ReadPin) refers to gpio.o(.text.GPIO_ReadPin) for [Anonymous Symbol]
    gpio.o(.ARM.exidx.text.GPIO_Init) refers to gpio.o(.text.GPIO_Init) for [Anonymous Symbol]
    sys_init.o(.text.SysTick_Handler) refers to sys_init.o(.bss.msTicks) for msTicks
    sys_init.o(.ARM.exidx.text.SysTick_Handler) refers to sys_init.o(.text.SysTick_Handler) for [Anonymous Symbol]
    sys_init.o(.text.sysInit) refers to sys_init.o(.text.SysTick_Config) for SysTick_Config
    sys_init.o(.ARM.exidx.text.sysInit) refers to sys_init.o(.text.sysInit) for [Anonymous Symbol]
    sys_init.o(.text.SysTick_Config) refers to sys_init.o(.text.__NVIC_SetPriority) for __NVIC_SetPriority
    sys_init.o(.ARM.exidx.text.SysTick_Config) refers to sys_init.o(.text.SysTick_Config) for [Anonymous Symbol]
    sys_init.o(.text.getmsTick) refers to sys_init.o(.bss.msTicks) for msTicks
    sys_init.o(.ARM.exidx.text.getmsTick) refers to sys_init.o(.text.getmsTick) for [Anonymous Symbol]
    sys_init.o(.text.ms_delay) refers to sys_init.o(.bss.msTicks) for msTicks
    sys_init.o(.ARM.exidx.text.ms_delay) refers to sys_init.o(.text.ms_delay) for [Anonymous Symbol]
    sys_init.o(.ARM.exidx.text.__NVIC_SetPriority) refers to sys_init.o(.text.__NVIC_SetPriority) for [Anonymous Symbol]
    usart.o(.text._USART_WRITE) refers to usart.o(.text.UART_SendChar) for UART_SendChar
    usart.o(.ARM.exidx.text._USART_WRITE) refers to usart.o(.text._USART_WRITE) for [Anonymous Symbol]
    usart.o(.ARM.exidx.text.UART_SendChar) refers to usart.o(.text.UART_SendChar) for [Anonymous Symbol]
    usart.o(.text._USART_READ) refers to usart.o(.text.UART_GetChar) for UART_GetChar
    usart.o(.ARM.exidx.text._USART_READ) refers to usart.o(.text._USART_READ) for [Anonymous Symbol]
    usart.o(.ARM.exidx.text.UART_GetChar) refers to usart.o(.text.UART_GetChar) for [Anonymous Symbol]
    usart.o(.text._USART_READ_STR) refers to usart.o(.text.UART_GetChar) for UART_GetChar
    usart.o(.ARM.exidx.text._USART_READ_STR) refers to usart.o(.text._USART_READ_STR) for [Anonymous Symbol]
    usart.o(.text.UART_SendString) refers to usart.o(.text.UART_SendChar) for UART_SendChar
    usart.o(.ARM.exidx.text.UART_SendString) refers to usart.o(.text.UART_SendString) for [Anonymous Symbol]
    usart.o(.text.UART_GetString) refers to usart.o(.text.UART_GetChar) for UART_GetChar
    usart.o(.ARM.exidx.text.UART_GetString) refers to usart.o(.text.UART_GetString) for [Anonymous Symbol]
    usart.o(.ARM.exidx.text.UART2_Config) refers to usart.o(.text.UART2_Config) for [Anonymous Symbol]
    startup_stm32f446xx.o(STACK) refers (Special) to heapauxi.o(.text) for __use_two_region_memory
    startup_stm32f446xx.o(HEAP) refers (Special) to heapauxi.o(.text) for __use_two_region_memory
    startup_stm32f446xx.o(RESET) refers (Special) to heapauxi.o(.text) for __use_two_region_memory
    startup_stm32f446xx.o(RESET) refers to startup_stm32f446xx.o(STACK) for __initial_sp
    startup_stm32f446xx.o(RESET) refers to startup_stm32f446xx.o(.text) for Reset_Handler
    startup_stm32f446xx.o(RESET) refers to sys_init.o(.text.SysTick_Handler) for SysTick_Handler
    startup_stm32f446xx.o(.text) refers (Special) to heapauxi.o(.text) for __use_two_region_memory
    startup_stm32f446xx.o(.text) refers to system_stm32f4xx.o(.text.SystemInit) for SystemInit
    startup_stm32f446xx.o(.text) refers to __main.o(!!!main) for __main
    startup_stm32f446xx.o(.text) refers to startup_stm32f446xx.o(HEAP) for Heap_Mem
    startup_stm32f446xx.o(.text) refers to startup_stm32f446xx.o(STACK) for Stack_Mem
    system_stm32f4xx.o(.ARM.exidx.text.SystemInit) refers to system_stm32f4xx.o(.text.SystemInit) for [Anonymous Symbol]
    system_stm32f4xx.o(.text.SystemCoreClockUpdate) refers to system_stm32f4xx.o(.data.SystemCoreClock) for SystemCoreClock
    system_stm32f4xx.o(.text.SystemCoreClockUpdate) refers to system_stm32f4xx.o(.rodata.AHBPrescTable) for AHBPrescTable
    system_stm32f4xx.o(.ARM.exidx.text.SystemCoreClockUpdate) refers to system_stm32f4xx.o(.text.SystemCoreClockUpdate) for [Anonymous Symbol]
    rand.o(.emb_text) refers (Special) to libinit2.o(.ARM.Collect$$libinit$$0000000F) for __rt_lib_init_rand_2
    rand.o(.emb_text) refers to rand.o(.text) for _rand_init
    rand.o(.emb_text) refers to rand.o(.bss) for _random_number_data
    rand.o(.text) refers (Special) to libinit2.o(.ARM.Collect$$libinit$$0000000F) for __rt_lib_init_rand_2
    rand.o(.text) refers to rand.o(.bss) for .bss
    rand.o(.bss) refers (Special) to libinit2.o(.ARM.Collect$$libinit$$0000000F) for __rt_lib_init_rand_2
    __main.o(!!!main) refers to __rtentry.o(.ARM.Collect$$rtentry$$00000000) for __rt_entry
    __rtentry.o(.ARM.Collect$$rtentry$$00000000) refers (Special) to __rtentry2.o(.ARM.Collect$$rtentry$$0000000A) for __rt_entry_li
    __rtentry.o(.ARM.Collect$$rtentry$$00000000) refers (Special) to __rtentry2.o(.ARM.Collect$$rtentry$$0000000D) for __rt_entry_main
    __rtentry.o(.ARM.Collect$$rtentry$$00000000) refers (Special) to __rtentry2.o(.ARM.Collect$$rtentry$$0000000C) for __rt_entry_postli_1
    __rtentry.o(.ARM.Collect$$rtentry$$00000000) refers (Special) to __rtentry2.o(.ARM.Collect$$rtentry$$00000009) for __rt_entry_postsh_1
    __rtentry.o(.ARM.Collect$$rtentry$$00000000) refers (Special) to __rtentry2.o(.ARM.Collect$$rtentry$$00000002) for __rt_entry_presh_1
    __rtentry.o(.ARM.Collect$$rtentry$$00000000) refers (Special) to __rtentry4.o(.ARM.Collect$$rtentry$$00000004) for __rt_entry_sh
    libinit2.o(.ARM.Collect$$libinit$$00000001) refers to fpinit.o(x$fpl$fpinit) for _fp_init
    libinit2.o(.ARM.Collect$$libinit$$0000000F) refers (Weak) to rand.o(.text) for _rand_init
    libinit2.o(.ARM.Collect$$libinit$$00000012) refers to libinit2.o(.ARM.Collect$$libinit$$00000011) for .ARM.Collect$$libinit$$00000011
    libinit2.o(.ARM.Collect$$libinit$$00000014) refers to libinit2.o(.ARM.Collect$$libinit$$00000011) for .ARM.Collect$$libinit$$00000011
    libinit2.o(.ARM.Collect$$libinit$$00000016) refers to libinit2.o(.ARM.Collect$$libinit$$00000011) for .ARM.Collect$$libinit$$00000011
    libinit2.o(.ARM.Collect$$libinit$$00000018) refers to libinit2.o(.ARM.Collect$$libinit$$00000011) for .ARM.Collect$$libinit$$00000011
    libinit2.o(.ARM.Collect$$libinit$$0000001A) refers to libinit2.o(.ARM.Collect$$libinit$$00000011) for .ARM.Collect$$libinit$$00000011
    libinit2.o(.ARM.Collect$$libinit$$00000028) refers to argv_veneer.o(.emb_text) for __ARM_argv_veneer
    libinit2.o(.ARM.Collect$$libinit$$00000029) refers to argv_veneer.o(.emb_text) for __ARM_argv_veneer
    __rtentry2.o(.ARM.Collect$$rtentry$$00000008) refers to boardinit2.o(.text) for _platform_post_stackheap_init
    __rtentry2.o(.ARM.Collect$$rtentry$$0000000A) refers to libinit.o(.ARM.Collect$$libinit$$00000000) for __rt_lib_init
    __rtentry2.o(.ARM.Collect$$rtentry$$0000000B) refers to boardinit3.o(.text) for _platform_post_lib_init
    __rtentry2.o(.ARM.Collect$$rtentry$$0000000D) refers to main.o(.text.main) for main
    __rtentry2.o(.ARM.Collect$$rtentry$$0000000D) refers to exit.o(.text) for exit
    __rtentry2.o(.ARM.exidx) refers to __rtentry2.o(.ARM.Collect$$rtentry$$00000001) for .ARM.Collect$$rtentry$$00000001
    __rtentry2.o(.ARM.exidx) refers to __rtentry2.o(.ARM.Collect$$rtentry$$00000008) for .ARM.Collect$$rtentry$$00000008
    __rtentry2.o(.ARM.exidx) refers to __rtentry2.o(.ARM.Collect$$rtentry$$0000000A) for .ARM.Collect$$rtentry$$0000000A
    __rtentry2.o(.ARM.exidx) refers to __rtentry2.o(.ARM.Collect$$rtentry$$0000000B) for .ARM.Collect$$rtentry$$0000000B
    __rtentry2.o(.ARM.exidx) refers to __rtentry2.o(.ARM.Collect$$rtentry$$0000000D) for .ARM.Collect$$rtentry$$0000000D
    __rtentry4.o(.ARM.Collect$$rtentry$$00000004) refers to sys_stackheap_outer.o(.text) for __user_setup_stackheap
    __rtentry4.o(.ARM.exidx) refers to __rtentry4.o(.ARM.Collect$$rtentry$$00000004) for .ARM.Collect$$rtentry$$00000004
    argv_veneer.o(.emb_text) refers to no_argv.o(.text) for __ARM_get_argv
    sys_stackheap_outer.o(.text) refers to libspace.o(.text) for __user_perproc_libspace
    sys_stackheap_outer.o(.text) refers to startup_stm32f446xx.o(.text) for __user_initial_stackheap
    exit.o(.text) refers to rtexit.o(.ARM.Collect$$rtexit$$00000000) for __rt_exit
    _get_argv_nomalloc.o(.text) refers (Special) to hrguard.o(.text) for __heap_region$guard
    _get_argv_nomalloc.o(.text) refers to defsig_rtmem_outer.o(.text) for __rt_SIGRTMEM
    _get_argv_nomalloc.o(.text) refers to sys_command.o(.text) for _sys_command_string
    libinit.o(.ARM.Collect$$libinit$$00000000) refers (Special) to libinit2.o(.ARM.Collect$$libinit$$00000030) for __rt_lib_init_alloca_1
    libinit.o(.ARM.Collect$$libinit$$00000000) refers (Special) to libinit2.o(.ARM.Collect$$libinit$$0000002E) for __rt_lib_init_argv_1
    libinit.o(.ARM.Collect$$libinit$$00000000) refers (Special) to libinit2.o(.ARM.Collect$$libinit$$0000001D) for __rt_lib_init_atexit_1
    libinit.o(.ARM.Collect$$libinit$$00000000) refers (Special) to libinit2.o(.ARM.Collect$$libinit$$00000023) for __rt_lib_init_clock_1
    libinit.o(.ARM.Collect$$libinit$$00000000) refers (Special) to libinit2.o(.ARM.Collect$$libinit$$00000034) for __rt_lib_init_cpp_1
    libinit.o(.ARM.Collect$$libinit$$00000000) refers (Special) to libinit2.o(.ARM.Collect$$libinit$$00000032) for __rt_lib_init_exceptions_1
    libinit.o(.ARM.Collect$$libinit$$00000000) refers (Special) to libinit2.o(.ARM.Collect$$libinit$$00000001) for __rt_lib_init_fp_1
    libinit.o(.ARM.Collect$$libinit$$00000000) refers (Special) to libinit2.o(.ARM.Collect$$libinit$$00000021) for __rt_lib_init_fp_trap_1
    libinit.o(.ARM.Collect$$libinit$$00000000) refers (Special) to libinit2.o(.ARM.Collect$$libinit$$00000025) for __rt_lib_init_getenv_1
    libinit.o(.ARM.Collect$$libinit$$00000000) refers (Special) to libinit2.o(.ARM.Collect$$libinit$$0000000C) for __rt_lib_init_heap_1
    libinit.o(.ARM.Collect$$libinit$$00000000) refers (Special) to libinit2.o(.ARM.Collect$$libinit$$00000013) for __rt_lib_init_lc_collate_1
    libinit.o(.ARM.Collect$$libinit$$00000000) refers (Special) to libinit2.o(.ARM.Collect$$libinit$$00000015) for __rt_lib_init_lc_ctype_1
    libinit.o(.ARM.Collect$$libinit$$00000000) refers (Special) to libinit2.o(.ARM.Collect$$libinit$$00000017) for __rt_lib_init_lc_monetary_1
    libinit.o(.ARM.Collect$$libinit$$00000000) refers (Special) to libinit2.o(.ARM.Collect$$libinit$$00000019) for __rt_lib_init_lc_numeric_1
    libinit.o(.ARM.Collect$$libinit$$00000000) refers (Special) to libinit2.o(.ARM.Collect$$libinit$$0000001B) for __rt_lib_init_lc_time_1
    libinit.o(.ARM.Collect$$libinit$$00000000) refers (Special) to libinit2.o(.ARM.Collect$$libinit$$00000006) for __rt_lib_init_preinit_1
    libinit.o(.ARM.Collect$$libinit$$00000000) refers (Special) to libinit2.o(.ARM.Collect$$libinit$$00000010) for __rt_lib_init_rand_1
    libinit.o(.ARM.Collect$$libinit$$00000000) refers (Special) to libinit2.o(.ARM.Collect$$libinit$$00000004) for __rt_lib_init_relocate_pie_1
    libinit.o(.ARM.Collect$$libinit$$00000000) refers (Special) to libinit2.o(.ARM.Collect$$libinit$$00000035) for __rt_lib_init_return
    libinit.o(.ARM.Collect$$libinit$$00000000) refers (Special) to libinit2.o(.ARM.Collect$$libinit$$0000001F) for __rt_lib_init_signal_1
    libinit.o(.ARM.Collect$$libinit$$00000000) refers (Special) to libinit2.o(.ARM.Collect$$libinit$$00000027) for __rt_lib_init_stdio_1
    libinit.o(.ARM.Collect$$libinit$$00000000) refers (Special) to libinit2.o(.ARM.Collect$$libinit$$0000000E) for __rt_lib_init_user_alloc_1
    sys_command.o(.text) refers (Special) to use_no_semi.o(.text) for __I$use$semihosting
    sys_command.o(.text) refers (Special) to indicate_semi.o(.text) for __semihosting_library_function
    sys_command_hlt.o(.text) refers (Special) to use_no_semi.o(.text) for __I$use$semihosting
    sys_command_hlt.o(.text) refers (Special) to indicate_semi.o(.text) for __semihosting_library_function
    libspace.o(.text) refers to libspace.o(.bss) for __libspace_start
    rtexit.o(.ARM.Collect$$rtexit$$00000000) refers (Special) to rtexit2.o(.ARM.Collect$$rtexit$$00000004) for __rt_exit_exit
    rtexit.o(.ARM.Collect$$rtexit$$00000000) refers (Special) to rtexit2.o(.ARM.Collect$$rtexit$$00000003) for __rt_exit_ls
    rtexit.o(.ARM.Collect$$rtexit$$00000000) refers (Special) to rtexit2.o(.ARM.Collect$$rtexit$$00000002) for __rt_exit_prels_1
    rtexit.o(.ARM.exidx) refers (Special) to rtexit2.o(.ARM.Collect$$rtexit$$00000004) for __rt_exit_exit
    rtexit.o(.ARM.exidx) refers (Special) to rtexit2.o(.ARM.Collect$$rtexit$$00000003) for __rt_exit_ls
    rtexit.o(.ARM.exidx) refers (Special) to rtexit2.o(.ARM.Collect$$rtexit$$00000002) for __rt_exit_prels_1
    rtexit.o(.ARM.exidx) refers to rtexit.o(.ARM.Collect$$rtexit$$00000000) for .ARM.Collect$$rtexit$$00000000
    defsig_rtmem_outer.o(.text) refers to defsig_rtmem_inner.o(.text) for __rt_SIGRTMEM_inner
    defsig_rtmem_outer.o(.text) refers to defsig_exit.o(.text) for __sig_exit
    defsig_rtmem_formal.o(.text) refers to rt_raise.o(.text) for __rt_raise
    rtexit2.o(.ARM.Collect$$rtexit$$00000003) refers to libshutdown.o(.ARM.Collect$$libshutdown$$00000000) for __rt_lib_shutdown
    rtexit2.o(.ARM.Collect$$rtexit$$00000004) refers to sys_exit.o(.text) for _sys_exit
    rtexit2.o(.ARM.exidx) refers to rtexit2.o(.ARM.Collect$$rtexit$$00000001) for .ARM.Collect$$rtexit$$00000001
    rtexit2.o(.ARM.exidx) refers to rtexit2.o(.ARM.Collect$$rtexit$$00000003) for .ARM.Collect$$rtexit$$00000003
    rtexit2.o(.ARM.exidx) refers to rtexit2.o(.ARM.Collect$$rtexit$$00000004) for .ARM.Collect$$rtexit$$00000004
    rt_raise.o(.text) refers to __raise.o(.text) for __raise
    rt_raise.o(.text) refers to sys_exit.o(.text) for _sys_exit
    defsig_exit.o(.text) refers to sys_exit.o(.text) for _sys_exit
    defsig_rtmem_inner.o(.text) refers to defsig_general.o(.text) for __default_signal_display
    sys_exit.o(.text) refers (Special) to use_no_semi.o(.text) for __I$use$semihosting
    sys_exit.o(.text) refers (Special) to indicate_semi.o(.text) for __semihosting_library_function
    sys_exit_hlt.o(.text) refers (Special) to use_no_semi.o(.text) for __I$use$semihosting
    sys_exit_hlt.o(.text) refers (Special) to indicate_semi.o(.text) for __semihosting_library_function
    __raise.o(.text) refers to defsig.o(CL$$defsig) for __default_signal_handler
    defsig_general.o(.text) refers to sys_wrch.o(.text) for _ttywrch
    libshutdown.o(.ARM.Collect$$libshutdown$$00000000) refers (Special) to libshutdown2.o(.ARM.Collect$$libshutdown$$00000002) for __rt_lib_shutdown_cpp_1
    libshutdown.o(.ARM.Collect$$libshutdown$$00000000) refers (Special) to libshutdown2.o(.ARM.Collect$$libshutdown$$00000007) for __rt_lib_shutdown_fp_trap_1
    libshutdown.o(.ARM.Collect$$libshutdown$$00000000) refers (Special) to libshutdown2.o(.ARM.Collect$$libshutdown$$0000000F) for __rt_lib_shutdown_heap_1
    libshutdown.o(.ARM.Collect$$libshutdown$$00000000) refers (Special) to libshutdown2.o(.ARM.Collect$$libshutdown$$00000010) for __rt_lib_shutdown_return
    libshutdown.o(.ARM.Collect$$libshutdown$$00000000) refers (Special) to libshutdown2.o(.ARM.Collect$$libshutdown$$0000000A) for __rt_lib_shutdown_signal_1
    libshutdown.o(.ARM.Collect$$libshutdown$$00000000) refers (Special) to libshutdown2.o(.ARM.Collect$$libshutdown$$00000004) for __rt_lib_shutdown_stdio_1
    libshutdown.o(.ARM.Collect$$libshutdown$$00000000) refers (Special) to libshutdown2.o(.ARM.Collect$$libshutdown$$0000000C) for __rt_lib_shutdown_user_alloc_1
    sys_wrch.o(.text) refers (Special) to use_no_semi.o(.text) for __I$use$semihosting
    sys_wrch.o(.text) refers (Special) to indicate_semi.o(.text) for __semihosting_library_function
    sys_wrch_hlt.o(.text) refers (Special) to use_no_semi.o(.text) for __I$use$semihosting
    sys_wrch_hlt.o(.text) refers (Special) to indicate_semi.o(.text) for __semihosting_library_function
    defsig.o(CL$$defsig) refers to defsig_rtmem_inner.o(.text) for __rt_SIGRTMEM_inner
    defsig_abrt_inner.o(.text) refers to defsig_general.o(.text) for __default_signal_display
    defsig_fpe_inner.o(.text) refers to defsig_general.o(.text) for __default_signal_display
    defsig_rtred_inner.o(.text) refers to defsig_general.o(.text) for __default_signal_display
    defsig_stak_inner.o(.text) refers to defsig_general.o(.text) for __default_signal_display
    defsig_pvfn_inner.o(.text) refers to defsig_general.o(.text) for __default_signal_display
    defsig_cppl_inner.o(.text) refers to defsig_general.o(.text) for __default_signal_display
    defsig_segv_inner.o(.text) refers to defsig_general.o(.text) for __default_signal_display
    defsig_other.o(.text) refers to defsig_general.o(.text) for __default_signal_display


==============================================================================

Removing Unused input sections from the image.

    Removing main.o(.text), (0 bytes).
    Removing main.o(.text.random), (40 bytes).
    Removing main.o(.ARM.exidx.text.random), (8 bytes).
    Removing main.o(.text.delay), (22 bytes).
    Removing main.o(.ARM.exidx.text.delay), (8 bytes).
    Removing main.o(.ARM.exidx.text.Right_load), (8 bytes).
    Removing main.o(.ARM.exidx.text.Left_load), (8 bytes).
    Removing main.o(.ARM.exidx.text.Up_load), (8 bytes).
    Removing main.o(.ARM.exidx.text.Down_load), (8 bytes).
    Removing main.o(.ARM.exidx.text.left_right_ani), (8 bytes).
    Removing main.o(.ARM.exidx.text.up_down_ani), (8 bytes).
    Removing main.o(.ARM.exidx.text.main), (8 bytes).
    Removing main.o(.ARM.use_no_argv), (4 bytes).
    Removing clock.o(.text), (0 bytes).
    Removing clock.o(.ARM.exidx.text.initClock), (8 bytes).
    Removing gpio.o(.text), (0 bytes).
    Removing gpio.o(.ARM.exidx.text.GPIO_WritePin), (8 bytes).
    Removing gpio.o(.ARM.exidx.text.GPIO_ReadPin), (8 bytes).
    Removing gpio.o(.ARM.exidx.text.GPIO_Init), (8 bytes).
    Removing sys_init.o(.text), (0 bytes).
    Removing sys_init.o(.ARM.exidx.text.SysTick_Handler), (8 bytes).
    Removing sys_init.o(.ARM.exidx.text.sysInit), (8 bytes).
    Removing sys_init.o(.ARM.exidx.text.SysTick_Config), (8 bytes).
    Removing sys_init.o(.text.getmsTick), (12 bytes).
    Removing sys_init.o(.ARM.exidx.text.getmsTick), (8 bytes).
    Removing sys_init.o(.ARM.exidx.text.ms_delay), (8 bytes).
    Removing sys_init.o(.ARM.exidx.text.__NVIC_SetPriority), (8 bytes).
    Removing usart.o(.text), (0 bytes).
    Removing usart.o(.text._USART_WRITE), (38 bytes).
    Removing usart.o(.ARM.exidx.text._USART_WRITE), (8 bytes).
    Removing usart.o(.text.UART_SendChar), (36 bytes).
    Removing usart.o(.ARM.exidx.text.UART_SendChar), (8 bytes).
    Removing usart.o(.text._USART_READ), (106 bytes).
    Removing usart.o(.ARM.exidx.text._USART_READ), (8 bytes).
    Removing usart.o(.text.UART_GetChar), (36 bytes).
    Removing usart.o(.ARM.exidx.text.UART_GetChar), (8 bytes).
    Removing usart.o(.text._USART_READ_STR), (134 bytes).
    Removing usart.o(.ARM.exidx.text._USART_READ_STR), (8 bytes).
    Removing usart.o(.text.UART_SendString), (40 bytes).
    Removing usart.o(.ARM.exidx.text.UART_SendString), (8 bytes).
    Removing usart.o(.text.UART_GetString), (82 bytes).
    Removing usart.o(.ARM.exidx.text.UART_GetString), (8 bytes).
    Removing usart.o(.text.UART2_Config), (154 bytes).
    Removing usart.o(.ARM.exidx.text.UART2_Config), (8 bytes).
    Removing system_stm32f4xx.o(.text), (0 bytes).
    Removing system_stm32f4xx.o(.ARM.exidx.text.SystemInit), (8 bytes).
    Removing system_stm32f4xx.o(.text.SystemCoreClockUpdate), (302 bytes).
    Removing system_stm32f4xx.o(.ARM.exidx.text.SystemCoreClockUpdate), (8 bytes).
    Removing system_stm32f4xx.o(.data.SystemCoreClock), (4 bytes).
    Removing system_stm32f4xx.o(.rodata.AHBPrescTable), (16 bytes).
    Removing system_stm32f4xx.o(.rodata.APBPrescTable), (8 bytes).

51 unused section(s) (total 1266 bytes) removed from the image.

==============================================================================

Image Symbol Table

    Local Symbols

    Symbol Name                              Value     Ov Type        Size  Object(Section)

    ../clib/angel/boardlib.s                 0x00000000   Number         0  boardinit1.o ABSOLUTE
    ../clib/angel/boardlib.s                 0x00000000   Number         0  boardinit2.o ABSOLUTE
    ../clib/angel/boardlib.s                 0x00000000   Number         0  boardinit3.o ABSOLUTE
    ../clib/angel/boardlib.s                 0x00000000   Number         0  boardshut.o ABSOLUTE
    ../clib/angel/handlers.s                 0x00000000   Number         0  __scatter_copy.o ABSOLUTE
    ../clib/angel/handlers.s                 0x00000000   Number         0  __scatter_zi.o ABSOLUTE
    ../clib/angel/kernel.s                   0x00000000   Number         0  __rtentry.o ABSOLUTE
    ../clib/angel/kernel.s                   0x00000000   Number         0  __rtentry2.o ABSOLUTE
    ../clib/angel/kernel.s                   0x00000000   Number         0  __rtentry4.o ABSOLUTE
    ../clib/angel/kernel.s                   0x00000000   Number         0  rtexit.o ABSOLUTE
    ../clib/angel/kernel.s                   0x00000000   Number         0  rtexit2.o ABSOLUTE
    ../clib/angel/rt.s                       0x00000000   Number         0  rt_raise.o ABSOLUTE
    ../clib/angel/scatter.s                  0x00000000   Number         0  __scatter.o ABSOLUTE
    ../clib/angel/startup.s                  0x00000000   Number         0  __main.o ABSOLUTE
    ../clib/angel/sys.s                      0x00000000   Number         0  sys_stackheap_outer.o ABSOLUTE
    ../clib/angel/sys.s                      0x00000000   Number         0  libspace.o ABSOLUTE
    ../clib/angel/sys.s                      0x00000000   Number         0  use_no_semi.o ABSOLUTE
    ../clib/angel/sys.s                      0x00000000   Number         0  indicate_semi.o ABSOLUTE
    ../clib/angel/sysapp.c                   0x00000000   Number         0  sys_command.o ABSOLUTE
    ../clib/angel/sysapp.c                   0x00000000   Number         0  sys_command_hlt.o ABSOLUTE
    ../clib/angel/sysapp.c                   0x00000000   Number         0  sys_exit.o ABSOLUTE
    ../clib/angel/sysapp.c                   0x00000000   Number         0  sys_exit_hlt.o ABSOLUTE
    ../clib/angel/sysapp.c                   0x00000000   Number         0  sys_wrch.o ABSOLUTE
    ../clib/angel/sysapp.c                   0x00000000   Number         0  sys_wrch_hlt.o ABSOLUTE
    ../clib/armsys.c                         0x00000000   Number         0  argv_veneer.o ABSOLUTE
    ../clib/armsys.c                         0x00000000   Number         0  argv_veneer.o ABSOLUTE
    ../clib/armsys.c                         0x00000000   Number         0  _get_argv_nomalloc.o ABSOLUTE
    ../clib/armsys.c                         0x00000000   Number         0  no_argv.o ABSOLUTE
    ../clib/heapalloc.c                      0x00000000   Number         0  hrguard.o ABSOLUTE
    ../clib/heapaux.c                        0x00000000   Number         0  heapauxi.o ABSOLUTE
    ../clib/libinit.s                        0x00000000   Number         0  libinit2.o ABSOLUTE
    ../clib/libinit.s                        0x00000000   Number         0  libinit.o ABSOLUTE
    ../clib/libinit.s                        0x00000000   Number         0  libshutdown.o ABSOLUTE
    ../clib/libinit.s                        0x00000000   Number         0  libshutdown2.o ABSOLUTE
    ../clib/signal.c                         0x00000000   Number         0  defsig_rtmem_outer.o ABSOLUTE
    ../clib/signal.c                         0x00000000   Number         0  defsig_rtmem_formal.o ABSOLUTE
    ../clib/signal.c                         0x00000000   Number         0  defsig_exit.o ABSOLUTE
    ../clib/signal.c                         0x00000000   Number         0  defsig_rtmem_inner.o ABSOLUTE
    ../clib/signal.c                         0x00000000   Number         0  __raise.o ABSOLUTE
    ../clib/signal.c                         0x00000000   Number         0  defsig_general.o ABSOLUTE
    ../clib/signal.c                         0x00000000   Number         0  defsig_abrt_inner.o ABSOLUTE
    ../clib/signal.c                         0x00000000   Number         0  defsig_fpe_inner.o ABSOLUTE
    ../clib/signal.c                         0x00000000   Number         0  defsig_rtred_inner.o ABSOLUTE
    ../clib/signal.c                         0x00000000   Number         0  defsig_stak_inner.o ABSOLUTE
    ../clib/signal.c                         0x00000000   Number         0  defsig_pvfn_inner.o ABSOLUTE
    ../clib/signal.c                         0x00000000   Number         0  defsig_cppl_inner.o ABSOLUTE
    ../clib/signal.c                         0x00000000   Number         0  defsig_segv_inner.o ABSOLUTE
    ../clib/signal.c                         0x00000000   Number         0  defsig_other.o ABSOLUTE
    ../clib/signal.s                         0x00000000   Number         0  defsig.o ABSOLUTE
    ../clib/stdlib.c                         0x00000000   Number         0  rand.o ABSOLUTE
    ../clib/stdlib.c                         0x00000000   Number         0  rand.o ABSOLUTE
    ../clib/stdlib.c                         0x00000000   Number         0  exit.o ABSOLUTE
    ../fplib/fpinit.s                        0x00000000   Number         0  fpinit.o ABSOLUTE
    CLOCK.c                                  0x00000000   Number         0  clock.o ABSOLUTE
    GPIO.c                                   0x00000000   Number         0  gpio.o ABSOLUTE
    RTE/Device/STM32F446RETx/startup_stm32f446xx.s 0x00000000   Number         0  startup_stm32f446xx.o ABSOLUTE
    SYS_INIT.c                               0x00000000   Number         0  sys_init.o ABSOLUTE
    USART.c                                  0x00000000   Number         0  usart.o ABSOLUTE
    dc.s                                     0x00000000   Number         0  dc.o ABSOLUTE
    main.c                                   0x00000000   Number         0  main.o ABSOLUTE
    system_stm32f4xx.c                       0x00000000   Number         0  system_stm32f4xx.o ABSOLUTE
    RESET                                    0x08000000   Section      452  startup_stm32f446xx.o(RESET)
    !!!main                                  0x080001c4   Section        8  __main.o(!!!main)
    !!!scatter                               0x080001cc   Section       52  __scatter.o(!!!scatter)
    !!handler_copy                           0x08000200   Section       26  __scatter_copy.o(!!handler_copy)
    !!handler_zi                             0x0800021c   Section       28  __scatter_zi.o(!!handler_zi)
    .ARM.Collect$$libinit$$00000000          0x08000238   Section        2  libinit.o(.ARM.Collect$$libinit$$00000000)
    .ARM.Collect$$libinit$$00000001          0x0800023a   Section        4  libinit2.o(.ARM.Collect$$libinit$$00000001)
    .ARM.Collect$$libinit$$00000004          0x0800023e   Section        0  libinit2.o(.ARM.Collect$$libinit$$00000004)
    .ARM.Collect$$libinit$$00000006          0x0800023e   Section        0  libinit2.o(.ARM.Collect$$libinit$$00000006)
    .ARM.Collect$$libinit$$0000000C          0x0800023e   Section        0  libinit2.o(.ARM.Collect$$libinit$$0000000C)
    .ARM.Collect$$libinit$$0000000E          0x0800023e   Section        0  libinit2.o(.ARM.Collect$$libinit$$0000000E)
    .ARM.Collect$$libinit$$0000000F          0x0800023e   Section        4  libinit2.o(.ARM.Collect$$libinit$$0000000F)
    .ARM.Collect$$libinit$$00000010          0x08000242   Section        0  libinit2.o(.ARM.Collect$$libinit$$00000010)
    .ARM.Collect$$libinit$$00000013          0x08000242   Section        0  libinit2.o(.ARM.Collect$$libinit$$00000013)
    .ARM.Collect$$libinit$$00000015          0x08000242   Section        0  libinit2.o(.ARM.Collect$$libinit$$00000015)
    .ARM.Collect$$libinit$$00000017          0x08000242   Section        0  libinit2.o(.ARM.Collect$$libinit$$00000017)
    .ARM.Collect$$libinit$$00000019          0x08000242   Section        0  libinit2.o(.ARM.Collect$$libinit$$00000019)
    .ARM.Collect$$libinit$$0000001B          0x08000242   Section        0  libinit2.o(.ARM.Collect$$libinit$$0000001B)
    .ARM.Collect$$libinit$$0000001D          0x08000242   Section        0  libinit2.o(.ARM.Collect$$libinit$$0000001D)
    .ARM.Collect$$libinit$$0000001F          0x08000242   Section        0  libinit2.o(.ARM.Collect$$libinit$$0000001F)
    .ARM.Collect$$libinit$$00000021          0x08000242   Section        0  libinit2.o(.ARM.Collect$$libinit$$00000021)
    .ARM.Collect$$libinit$$00000023          0x08000242   Section        0  libinit2.o(.ARM.Collect$$libinit$$00000023)
    .ARM.Collect$$libinit$$00000025          0x08000242   Section        0  libinit2.o(.ARM.Collect$$libinit$$00000025)
    .ARM.Collect$$libinit$$00000027          0x08000242   Section        0  libinit2.o(.ARM.Collect$$libinit$$00000027)
    .ARM.Collect$$libinit$$0000002E          0x08000242   Section        0  libinit2.o(.ARM.Collect$$libinit$$0000002E)
    .ARM.Collect$$libinit$$00000030          0x08000242   Section        0  libinit2.o(.ARM.Collect$$libinit$$00000030)
    .ARM.Collect$$libinit$$00000032          0x08000242   Section        0  libinit2.o(.ARM.Collect$$libinit$$00000032)
    .ARM.Collect$$libinit$$00000034          0x08000242   Section        0  libinit2.o(.ARM.Collect$$libinit$$00000034)
    .ARM.Collect$$libinit$$00000035          0x08000242   Section        2  libinit2.o(.ARM.Collect$$libinit$$00000035)
    .ARM.Collect$$libshutdown$$00000000      0x08000244   Section        2  libshutdown.o(.ARM.Collect$$libshutdown$$00000000)
    .ARM.Collect$$libshutdown$$00000002      0x08000246   Section        0  libshutdown2.o(.ARM.Collect$$libshutdown$$00000002)
    .ARM.Collect$$libshutdown$$00000004      0x08000246   Section        0  libshutdown2.o(.ARM.Collect$$libshutdown$$00000004)
    .ARM.Collect$$libshutdown$$00000007      0x08000246   Section        0  libshutdown2.o(.ARM.Collect$$libshutdown$$00000007)
    .ARM.Collect$$libshutdown$$0000000A      0x08000246   Section        0  libshutdown2.o(.ARM.Collect$$libshutdown$$0000000A)
    .ARM.Collect$$libshutdown$$0000000C      0x08000246   Section        0  libshutdown2.o(.ARM.Collect$$libshutdown$$0000000C)
    .ARM.Collect$$libshutdown$$0000000F      0x08000246   Section        0  libshutdown2.o(.ARM.Collect$$libshutdown$$0000000F)
    .ARM.Collect$$libshutdown$$00000010      0x08000246   Section        2  libshutdown2.o(.ARM.Collect$$libshutdown$$00000010)
    .ARM.Collect$$rtentry$$00000000          0x08000248   Section        0  __rtentry.o(.ARM.Collect$$rtentry$$00000000)
    .ARM.Collect$$rtentry$$00000002          0x08000248   Section        0  __rtentry2.o(.ARM.Collect$$rtentry$$00000002)
    .ARM.Collect$$rtentry$$00000004          0x08000248   Section        6  __rtentry4.o(.ARM.Collect$$rtentry$$00000004)
    .ARM.Collect$$rtentry$$00000009          0x0800024e   Section        0  __rtentry2.o(.ARM.Collect$$rtentry$$00000009)
    .ARM.Collect$$rtentry$$0000000A          0x0800024e   Section        4  __rtentry2.o(.ARM.Collect$$rtentry$$0000000A)
    .ARM.Collect$$rtentry$$0000000C          0x08000252   Section        0  __rtentry2.o(.ARM.Collect$$rtentry$$0000000C)
    .ARM.Collect$$rtentry$$0000000D          0x08000252   Section        8  __rtentry2.o(.ARM.Collect$$rtentry$$0000000D)
    .ARM.Collect$$rtexit$$00000000           0x0800025a   Section        2  rtexit.o(.ARM.Collect$$rtexit$$00000000)
    .ARM.Collect$$rtexit$$00000002           0x0800025c   Section        0  rtexit2.o(.ARM.Collect$$rtexit$$00000002)
    .ARM.Collect$$rtexit$$00000003           0x0800025c   Section        4  rtexit2.o(.ARM.Collect$$rtexit$$00000003)
    .ARM.Collect$$rtexit$$00000004           0x08000260   Section        6  rtexit2.o(.ARM.Collect$$rtexit$$00000004)
    .emb_text                                0x08000268   Section       52  rand.o(.emb_text)
    $v0                                      0x0800029c   Number         0  startup_stm32f446xx.o(.text)
    .text                                    0x0800029c   Section       64  startup_stm32f446xx.o(.text)
    .text                                    0x080002dc   Section        0  rand.o(.text)
    .text                                    0x08000318   Section        0  heapauxi.o(.text)
    .text                                    0x0800031e   Section       74  sys_stackheap_outer.o(.text)
    .text                                    0x08000368   Section        0  exit.o(.text)
    .text                                    0x0800037c   Section        8  libspace.o(.text)
    .text                                    0x08000384   Section        2  use_no_semi.o(.text)
    .text                                    0x08000386   Section        0  indicate_semi.o(.text)
    .text                                    0x08000388   Section        0  sys_exit.o(.text)
    [Anonymous Symbol]                       0x08000394   Section        0  main.o(.text.Down_load)
    [Anonymous Symbol]                       0x08000508   Section        0  gpio.o(.text.GPIO_Init)
    [Anonymous Symbol]                       0x08000528   Section        0  gpio.o(.text.GPIO_ReadPin)
    [Anonymous Symbol]                       0x08000550   Section        0  gpio.o(.text.GPIO_WritePin)
    [Anonymous Symbol]                       0x08000590   Section        0  main.o(.text.Left_load)
    [Anonymous Symbol]                       0x0800070c   Section        0  main.o(.text.Right_load)
    SysTick_Config                           0x08000881   Thumb Code    82  sys_init.o(.text.SysTick_Config)
    [Anonymous Symbol]                       0x08000880   Section        0  sys_init.o(.text.SysTick_Config)
    [Anonymous Symbol]                       0x080008d4   Section        0  sys_init.o(.text.SysTick_Handler)
    [Anonymous Symbol]                       0x080008e4   Section        0  system_stm32f4xx.o(.text.SystemInit)
    [Anonymous Symbol]                       0x080008f8   Section        0  main.o(.text.Up_load)
    __NVIC_SetPriority                       0x08000a75   Thumb Code    66  sys_init.o(.text.__NVIC_SetPriority)
    [Anonymous Symbol]                       0x08000a74   Section        0  sys_init.o(.text.__NVIC_SetPriority)
    [Anonymous Symbol]                       0x08000ab8   Section        0  clock.o(.text.initClock)
    [Anonymous Symbol]                       0x08000b90   Section        0  main.o(.text.left_right_ani)
    [Anonymous Symbol]                       0x08000e70   Section        0  main.o(.text.main)
    [Anonymous Symbol]                       0x08001b08   Section        0  sys_init.o(.text.ms_delay)
    [Anonymous Symbol]                       0x08001b38   Section        0  sys_init.o(.text.sysInit)
    [Anonymous Symbol]                       0x08001b48   Section        0  main.o(.text.up_down_ani)
    $v0                                      0x08001e26   Number         0  fpinit.o(x$fpl$fpinit)
    x$fpl$fpinit                             0x08001e26   Section       26  fpinit.o(x$fpl$fpinit)
    .L__const.Down_load.PA11                 0x08001e40   Data          20  main.o(.rodata..L__const.Down_load.PA11)
    .L__const.Down_load.PA12                 0x08001e54   Data          20  main.o(.rodata..L__const.Down_load.PA12)
    .L__const.Down_load.PA9                  0x08001e68   Data          20  main.o(.rodata..L__const.Down_load.PA9)
    .L__const.Left_load.PB13                 0x08001e7c   Data          20  main.o(.rodata..L__const.Left_load.PB13)
    .L__const.Left_load.PB14                 0x08001e90   Data          20  main.o(.rodata..L__const.Left_load.PB14)
    .L__const.Left_load.PB15                 0x08001ea4   Data          20  main.o(.rodata..L__const.Left_load.PB15)
    .L__const.Right_load.PA5                 0x08001eb8   Data          20  main.o(.rodata..L__const.Right_load.PA5)
    .L__const.Right_load.PA6                 0x08001ecc   Data          20  main.o(.rodata..L__const.Right_load.PA6)
    .L__const.Right_load.PA7                 0x08001ee0   Data          20  main.o(.rodata..L__const.Right_load.PA7)
    .L__const.Up_load.PC10                   0x08001ef4   Data          20  main.o(.rodata..L__const.Up_load.PC10)
    .L__const.Up_load.PC12                   0x08001f08   Data          20  main.o(.rodata..L__const.Up_load.PC12)
    .L__const.Up_load.PC13                   0x08001f1c   Data          20  main.o(.rodata..L__const.Up_load.PC13)
    .L__const.left_right_ani.PA5             0x08001f30   Data          20  main.o(.rodata..L__const.left_right_ani.PA5)
    .L__const.left_right_ani.PA6             0x08001f44   Data          20  main.o(.rodata..L__const.left_right_ani.PA6)
    .L__const.left_right_ani.PA7             0x08001f58   Data          20  main.o(.rodata..L__const.left_right_ani.PA7)
    .L__const.left_right_ani.PB13            0x08001f6c   Data          20  main.o(.rodata..L__const.left_right_ani.PB13)
    .L__const.left_right_ani.PB14            0x08001f80   Data          20  main.o(.rodata..L__const.left_right_ani.PB14)
    .L__const.left_right_ani.PB15            0x08001f94   Data          20  main.o(.rodata..L__const.left_right_ani.PB15)
    .L__const.main.G1_PC5                    0x08001fa8   Data          20  main.o(.rodata..L__const.main.G1_PC5)
    .L__const.main.G2_PA0                    0x08001fbc   Data          20  main.o(.rodata..L__const.main.G2_PA0)
    .L__const.main.IN_GreenLR                0x08001fd0   Data          20  main.o(.rodata..L__const.main.IN_GreenLR)
    .L__const.main.IN_GreenUD                0x08001fe4   Data          20  main.o(.rodata..L__const.main.IN_GreenUD)
    .L__const.main.IN_LoadD                  0x08001ff8   Data          20  main.o(.rodata..L__const.main.IN_LoadD)
    .L__const.main.IN_LoadL                  0x0800200c   Data          20  main.o(.rodata..L__const.main.IN_LoadL)
    .L__const.main.IN_LoadR                  0x08002020   Data          20  main.o(.rodata..L__const.main.IN_LoadR)
    .L__const.main.IN_LoadU                  0x08002034   Data          20  main.o(.rodata..L__const.main.IN_LoadU)
    .L__const.main.PA11                      0x08002048   Data          20  main.o(.rodata..L__const.main.PA11)
    .L__const.main.PA12                      0x0800205c   Data          20  main.o(.rodata..L__const.main.PA12)
    .L__const.main.PA5                       0x08002070   Data          20  main.o(.rodata..L__const.main.PA5)
    .L__const.main.PA6                       0x08002084   Data          20  main.o(.rodata..L__const.main.PA6)
    .L__const.main.PA7                       0x08002098   Data          20  main.o(.rodata..L__const.main.PA7)
    .L__const.main.PA9                       0x080020ac   Data          20  main.o(.rodata..L__const.main.PA9)
    .L__const.main.PB13                      0x080020c0   Data          20  main.o(.rodata..L__const.main.PB13)
    .L__const.main.PB14                      0x080020d4   Data          20  main.o(.rodata..L__const.main.PB14)
    .L__const.main.PB15                      0x080020e8   Data          20  main.o(.rodata..L__const.main.PB15)
    .L__const.main.PC10                      0x080020fc   Data          20  main.o(.rodata..L__const.main.PC10)
    .L__const.main.PC12                      0x08002110   Data          20  main.o(.rodata..L__const.main.PC12)
    .L__const.main.PC13                      0x08002124   Data          20  main.o(.rodata..L__const.main.PC13)
    .L__const.main.R1_PC8                    0x08002138   Data          20  main.o(.rodata..L__const.main.R1_PC8)
    .L__const.main.R2_PA4                    0x0800214c   Data          20  main.o(.rodata..L__const.main.R2_PA4)
    .L__const.main.Y1_PC6                    0x08002160   Data          20  main.o(.rodata..L__const.main.Y1_PC6)
    .L__const.main.Y2_PA1                    0x08002174   Data          20  main.o(.rodata..L__const.main.Y2_PA1)
    .L__const.up_down_ani.PA11               0x08002188   Data          20  main.o(.rodata..L__const.up_down_ani.PA11)
    .L__const.up_down_ani.PA12               0x0800219c   Data          20  main.o(.rodata..L__const.up_down_ani.PA12)
    .L__const.up_down_ani.PA9                0x080021b0   Data          20  main.o(.rodata..L__const.up_down_ani.PA9)
    .L__const.up_down_ani.PC10               0x080021c4   Data          20  main.o(.rodata..L__const.up_down_ani.PC10)
    .L__const.up_down_ani.PC12               0x080021d8   Data          20  main.o(.rodata..L__const.up_down_ani.PC12)
    .L__const.up_down_ani.PC13               0x080021ec   Data          20  main.o(.rodata..L__const.up_down_ani.PC13)
    high                                     0x20000000   Data           1  main.o(.data.high)
    [Anonymous Symbol]                       0x20000000   Section        0  main.o(.data.high)
    .bss                                     0x20000008   Section      228  rand.o(.bss)
    .bss                                     0x200000ec   Section       96  libspace.o(.bss)
    low                                      0x2000014c   Data           1  main.o(.bss.low)
    [Anonymous Symbol]                       0x2000014c   Section        0  main.o(.bss.low)
    msTicks                                  0x20000150   Data           4  sys_init.o(.bss.msTicks)
    [Anonymous Symbol]                       0x20000150   Section        0  sys_init.o(.bss.msTicks)
    Heap_Mem                                 0x20000158   Data         512  startup_stm32f446xx.o(HEAP)
    HEAP                                     0x20000158   Section      512  startup_stm32f446xx.o(HEAP)
    Stack_Mem                                0x20000358   Data        1024  startup_stm32f446xx.o(STACK)
    STACK                                    0x20000358   Section     1024  startup_stm32f446xx.o(STACK)
    __initial_sp                             0x20000758   Data           0  startup_stm32f446xx.o(STACK)

    Global Symbols

    Symbol Name                              Value     Ov Type        Size  Object(Section)

    BuildAttributes$$THM_ISAv4$E$P$D$K$B$S$7EM$VFPi3$EXTD16$VFPS$VFMA$PE$A:L22UL41UL21$X:L11$S22US41US21$IEEE1$IW$~IW$USESV6$~STKCKD$USESV7$~SHL$OSPACE$ROPI$EBA8$UX$STANDARDLIB$REQ8$PRES8$EABIv2 0x00000000   Number         0  anon$$obj.o ABSOLUTE
    __ARM_exceptions_init                     - Undefined Weak Reference
    __alloca_initialize                       - Undefined Weak Reference
    __arm_preinit_                            - Undefined Weak Reference
    __arm_relocate_pie_                       - Undefined Weak Reference
    __cpp_initialize__aeabi_                  - Undefined Weak Reference
    __cxa_finalize                            - Undefined Weak Reference
    __rt_locale                               - Undefined Weak Reference
    __sigvec_lookup                           - Undefined Weak Reference
    _atexit_init                              - Undefined Weak Reference
    _call_atexit_fns                          - Undefined Weak Reference
    _clock_init                               - Undefined Weak Reference
    _fp_trap_init                             - Undefined Weak Reference
    _fp_trap_shutdown                         - Undefined Weak Reference
    _get_lc_collate                           - Undefined Weak Reference
    _get_lc_ctype                             - Undefined Weak Reference
    _get_lc_monetary                          - Undefined Weak Reference
    _get_lc_numeric                           - Undefined Weak Reference
    _get_lc_time                              - Undefined Weak Reference
    _getenv_init                              - Undefined Weak Reference
    _handle_redirection                       - Undefined Weak Reference
    _init_alloc                               - Undefined Weak Reference
    _init_user_alloc                          - Undefined Weak Reference
    _initio                                   - Undefined Weak Reference
    _signal_finish                            - Undefined Weak Reference
    _signal_init                              - Undefined Weak Reference
    _terminate_alloc                          - Undefined Weak Reference
    _terminate_user_alloc                     - Undefined Weak Reference
    _terminateio                              - Undefined Weak Reference
    __Vectors_Size                           0x000001c4   Number         0  startup_stm32f446xx.o ABSOLUTE
    __Vectors                                0x08000000   Data           4  startup_stm32f446xx.o(RESET)
    __Vectors_End                            0x080001c4   Data           0  startup_stm32f446xx.o(RESET)
    __main                                   0x080001c5   Thumb Code     8  __main.o(!!!main)
    __scatterload                            0x080001cd   Thumb Code     0  __scatter.o(!!!scatter)
    __scatterload_rt2                        0x080001cd   Thumb Code    44  __scatter.o(!!!scatter)
    __scatterload_rt2_thumb_only             0x080001cd   Thumb Code     0  __scatter.o(!!!scatter)
    __scatterload_null                       0x080001db   Thumb Code     0  __scatter.o(!!!scatter)
    __scatterload_copy                       0x08000201   Thumb Code    26  __scatter_copy.o(!!handler_copy)
    __scatterload_zeroinit                   0x0800021d   Thumb Code    28  __scatter_zi.o(!!handler_zi)
    __rt_lib_init                            0x08000239   Thumb Code     0  libinit.o(.ARM.Collect$$libinit$$00000000)
    __rt_lib_init_fp_1                       0x0800023b   Thumb Code     0  libinit2.o(.ARM.Collect$$libinit$$00000001)
    __rt_lib_init_heap_1                     0x0800023f   Thumb Code     0  libinit2.o(.ARM.Collect$$libinit$$0000000C)
    __rt_lib_init_preinit_1                  0x0800023f   Thumb Code     0  libinit2.o(.ARM.Collect$$libinit$$00000006)
    __rt_lib_init_rand_2                     0x0800023f   Thumb Code     0  libinit2.o(.ARM.Collect$$libinit$$0000000F)
    __rt_lib_init_relocate_pie_1             0x0800023f   Thumb Code     0  libinit2.o(.ARM.Collect$$libinit$$00000004)
    __rt_lib_init_user_alloc_1               0x0800023f   Thumb Code     0  libinit2.o(.ARM.Collect$$libinit$$0000000E)
    __rt_lib_init_alloca_1                   0x08000243   Thumb Code     0  libinit2.o(.ARM.Collect$$libinit$$00000030)
    __rt_lib_init_argv_1                     0x08000243   Thumb Code     0  libinit2.o(.ARM.Collect$$libinit$$0000002E)
    __rt_lib_init_atexit_1                   0x08000243   Thumb Code     0  libinit2.o(.ARM.Collect$$libinit$$0000001D)
    __rt_lib_init_clock_1                    0x08000243   Thumb Code     0  libinit2.o(.ARM.Collect$$libinit$$00000023)
    __rt_lib_init_cpp_1                      0x08000243   Thumb Code     0  libinit2.o(.ARM.Collect$$libinit$$00000034)
    __rt_lib_init_exceptions_1               0x08000243   Thumb Code     0  libinit2.o(.ARM.Collect$$libinit$$00000032)
    __rt_lib_init_fp_trap_1                  0x08000243   Thumb Code     0  libinit2.o(.ARM.Collect$$libinit$$00000021)
    __rt_lib_init_getenv_1                   0x08000243   Thumb Code     0  libinit2.o(.ARM.Collect$$libinit$$00000025)
    __rt_lib_init_lc_collate_1               0x08000243   Thumb Code     0  libinit2.o(.ARM.Collect$$libinit$$00000013)
    __rt_lib_init_lc_ctype_1                 0x08000243   Thumb Code     0  libinit2.o(.ARM.Collect$$libinit$$00000015)
    __rt_lib_init_lc_monetary_1              0x08000243   Thumb Code     0  libinit2.o(.ARM.Collect$$libinit$$00000017)
    __rt_lib_init_lc_numeric_1               0x08000243   Thumb Code     0  libinit2.o(.ARM.Collect$$libinit$$00000019)
    __rt_lib_init_lc_time_1                  0x08000243   Thumb Code     0  libinit2.o(.ARM.Collect$$libinit$$0000001B)
    __rt_lib_init_rand_1                     0x08000243   Thumb Code     0  libinit2.o(.ARM.Collect$$libinit$$00000010)
    __rt_lib_init_return                     0x08000243   Thumb Code     0  libinit2.o(.ARM.Collect$$libinit$$00000035)
    __rt_lib_init_signal_1                   0x08000243   Thumb Code     0  libinit2.o(.ARM.Collect$$libinit$$0000001F)
    __rt_lib_init_stdio_1                    0x08000243   Thumb Code     0  libinit2.o(.ARM.Collect$$libinit$$00000027)
    __rt_lib_shutdown                        0x08000245   Thumb Code     0  libshutdown.o(.ARM.Collect$$libshutdown$$00000000)
    __rt_lib_shutdown_cpp_1                  0x08000247   Thumb Code     0  libshutdown2.o(.ARM.Collect$$libshutdown$$00000002)
    __rt_lib_shutdown_fp_trap_1              0x08000247   Thumb Code     0  libshutdown2.o(.ARM.Collect$$libshutdown$$00000007)
    __rt_lib_shutdown_heap_1                 0x08000247   Thumb Code     0  libshutdown2.o(.ARM.Collect$$libshutdown$$0000000F)
    __rt_lib_shutdown_return                 0x08000247   Thumb Code     0  libshutdown2.o(.ARM.Collect$$libshutdown$$00000010)
    __rt_lib_shutdown_signal_1               0x08000247   Thumb Code     0  libshutdown2.o(.ARM.Collect$$libshutdown$$0000000A)
    __rt_lib_shutdown_stdio_1                0x08000247   Thumb Code     0  libshutdown2.o(.ARM.Collect$$libshutdown$$00000004)
    __rt_lib_shutdown_user_alloc_1           0x08000247   Thumb Code     0  libshutdown2.o(.ARM.Collect$$libshutdown$$0000000C)
    __rt_entry                               0x08000249   Thumb Code     0  __rtentry.o(.ARM.Collect$$rtentry$$00000000)
    __rt_entry_presh_1                       0x08000249   Thumb Code     0  __rtentry2.o(.ARM.Collect$$rtentry$$00000002)
    __rt_entry_sh                            0x08000249   Thumb Code     0  __rtentry4.o(.ARM.Collect$$rtentry$$00000004)
    __rt_entry_li                            0x0800024f   Thumb Code     0  __rtentry2.o(.ARM.Collect$$rtentry$$0000000A)
    __rt_entry_postsh_1                      0x0800024f   Thumb Code     0  __rtentry2.o(.ARM.Collect$$rtentry$$00000009)
    __rt_entry_main                          0x08000253   Thumb Code     0  __rtentry2.o(.ARM.Collect$$rtentry$$0000000D)
    __rt_entry_postli_1                      0x08000253   Thumb Code     0  __rtentry2.o(.ARM.Collect$$rtentry$$0000000C)
    __rt_exit                                0x0800025b   Thumb Code     0  rtexit.o(.ARM.Collect$$rtexit$$00000000)
    __rt_exit_ls                             0x0800025d   Thumb Code     0  rtexit2.o(.ARM.Collect$$rtexit$$00000003)
    __rt_exit_prels_1                        0x0800025d   Thumb Code     0  rtexit2.o(.ARM.Collect$$rtexit$$00000002)
    __rt_exit_exit                           0x08000261   Thumb Code     0  rtexit2.o(.ARM.Collect$$rtexit$$00000004)
    rand                                     0x08000269   Thumb Code    48  rand.o(.emb_text)
    Reset_Handler                            0x0800029d   Thumb Code     8  startup_stm32f446xx.o(.text)
    NMI_Handler                              0x080002a5   Thumb Code     2  startup_stm32f446xx.o(.text)
    HardFault_Handler                        0x080002a7   Thumb Code     2  startup_stm32f446xx.o(.text)
    MemManage_Handler                        0x080002a9   Thumb Code     2  startup_stm32f446xx.o(.text)
    BusFault_Handler                         0x080002ab   Thumb Code     2  startup_stm32f446xx.o(.text)
    UsageFault_Handler                       0x080002ad   Thumb Code     2  startup_stm32f446xx.o(.text)
    SVC_Handler                              0x080002af   Thumb Code     2  startup_stm32f446xx.o(.text)
    DebugMon_Handler                         0x080002b1   Thumb Code     2  startup_stm32f446xx.o(.text)
    PendSV_Handler                           0x080002b3   Thumb Code     2  startup_stm32f446xx.o(.text)
    ADC_IRQHandler                           0x080002b7   Thumb Code     0  startup_stm32f446xx.o(.text)
    CAN1_RX0_IRQHandler                      0x080002b7   Thumb Code     0  startup_stm32f446xx.o(.text)
    CAN1_RX1_IRQHandler                      0x080002b7   Thumb Code     0  startup_stm32f446xx.o(.text)
    CAN1_SCE_IRQHandler                      0x080002b7   Thumb Code     0  startup_stm32f446xx.o(.text)
    CAN1_TX_IRQHandler                       0x080002b7   Thumb Code     0  startup_stm32f446xx.o(.text)
    CAN2_RX0_IRQHandler                      0x080002b7   Thumb Code     0  startup_stm32f446xx.o(.text)
    CAN2_RX1_IRQHandler                      0x080002b7   Thumb Code     0  startup_stm32f446xx.o(.text)
    CAN2_SCE_IRQHandler                      0x080002b7   Thumb Code     0  startup_stm32f446xx.o(.text)
    CAN2_TX_IRQHandler                       0x080002b7   Thumb Code     0  startup_stm32f446xx.o(.text)
    CEC_IRQHandler                           0x080002b7   Thumb Code     0  startup_stm32f446xx.o(.text)
    DCMI_IRQHandler                          0x080002b7   Thumb Code     0  startup_stm32f446xx.o(.text)
    DMA1_Stream0_IRQHandler                  0x080002b7   Thumb Code     0  startup_stm32f446xx.o(.text)
    DMA1_Stream1_IRQHandler                  0x080002b7   Thumb Code     0  startup_stm32f446xx.o(.text)
    DMA1_Stream2_IRQHandler                  0x080002b7   Thumb Code     0  startup_stm32f446xx.o(.text)
    DMA1_Stream3_IRQHandler                  0x080002b7   Thumb Code     0  startup_stm32f446xx.o(.text)
    DMA1_Stream4_IRQHandler                  0x080002b7   Thumb Code     0  startup_stm32f446xx.o(.text)
    DMA1_Stream5_IRQHandler                  0x080002b7   Thumb Code     0  startup_stm32f446xx.o(.text)
    DMA1_Stream6_IRQHandler                  0x080002b7   Thumb Code     0  startup_stm32f446xx.o(.text)
    DMA1_Stream7_IRQHandler                  0x080002b7   Thumb Code     0  startup_stm32f446xx.o(.text)
    DMA2_Stream0_IRQHandler                  0x080002b7   Thumb Code     0  startup_stm32f446xx.o(.text)
    DMA2_Stream1_IRQHandler                  0x080002b7   Thumb Code     0  startup_stm32f446xx.o(.text)
    DMA2_Stream2_IRQHandler                  0x080002b7   Thumb Code     0  startup_stm32f446xx.o(.text)
    DMA2_Stream3_IRQHandler                  0x080002b7   Thumb Code     0  startup_stm32f446xx.o(.text)
    DMA2_Stream4_IRQHandler                  0x080002b7   Thumb Code     0  startup_stm32f446xx.o(.text)
    DMA2_Stream5_IRQHandler                  0x080002b7   Thumb Code     0  startup_stm32f446xx.o(.text)
    DMA2_Stream6_IRQHandler                  0x080002b7   Thumb Code     0  startup_stm32f446xx.o(.text)
    DMA2_Stream7_IRQHandler                  0x080002b7   Thumb Code     0  startup_stm32f446xx.o(.text)
    EXTI0_IRQHandler                         0x080002b7   Thumb Code     0  startup_stm32f446xx.o(.text)
    EXTI15_10_IRQHandler                     0x080002b7   Thumb Code     0  startup_stm32f446xx.o(.text)
    EXTI1_IRQHandler                         0x080002b7   Thumb Code     0  startup_stm32f446xx.o(.text)
    EXTI2_IRQHandler                         0x080002b7   Thumb Code     0  startup_stm32f446xx.o(.text)
    EXTI3_IRQHandler                         0x080002b7   Thumb Code     0  startup_stm32f446xx.o(.text)
    EXTI4_IRQHandler                         0x080002b7   Thumb Code     0  startup_stm32f446xx.o(.text)
    EXTI9_5_IRQHandler                       0x080002b7   Thumb Code     0  startup_stm32f446xx.o(.text)
    FLASH_IRQHandler                         0x080002b7   Thumb Code     0  startup_stm32f446xx.o(.text)
    FMC_IRQHandler                           0x080002b7   Thumb Code     0  startup_stm32f446xx.o(.text)
    FMPI2C1_ER_IRQHandler                    0x080002b7   Thumb Code     0  startup_stm32f446xx.o(.text)
    FMPI2C1_EV_IRQHandler                    0x080002b7   Thumb Code     0  startup_stm32f446xx.o(.text)
    FPU_IRQHandler                           0x080002b7   Thumb Code     0  startup_stm32f446xx.o(.text)
    I2C1_ER_IRQHandler                       0x080002b7   Thumb Code     0  startup_stm32f446xx.o(.text)
    I2C1_EV_IRQHandler                       0x080002b7   Thumb Code     0  startup_stm32f446xx.o(.text)
    I2C2_ER_IRQHandler                       0x080002b7   Thumb Code     0  startup_stm32f446xx.o(.text)
    I2C2_EV_IRQHandler                       0x080002b7   Thumb Code     0  startup_stm32f446xx.o(.text)
    I2C3_ER_IRQHandler                       0x080002b7   Thumb Code     0  startup_stm32f446xx.o(.text)
    I2C3_EV_IRQHandler                       0x080002b7   Thumb Code     0  startup_stm32f446xx.o(.text)
    OTG_FS_IRQHandler                        0x080002b7   Thumb Code     0  startup_stm32f446xx.o(.text)
    OTG_FS_WKUP_IRQHandler                   0x080002b7   Thumb Code     0  startup_stm32f446xx.o(.text)
    OTG_HS_EP1_IN_IRQHandler                 0x080002b7   Thumb Code     0  startup_stm32f446xx.o(.text)
    OTG_HS_EP1_OUT_IRQHandler                0x080002b7   Thumb Code     0  startup_stm32f446xx.o(.text)
    OTG_HS_IRQHandler                        0x080002b7   Thumb Code     0  startup_stm32f446xx.o(.text)
    OTG_HS_WKUP_IRQHandler                   0x080002b7   Thumb Code     0  startup_stm32f446xx.o(.text)
    PVD_IRQHandler                           0x080002b7   Thumb Code     0  startup_stm32f446xx.o(.text)
    QUADSPI_IRQHandler                       0x080002b7   Thumb Code     0  startup_stm32f446xx.o(.text)
    RCC_IRQHandler                           0x080002b7   Thumb Code     0  startup_stm32f446xx.o(.text)
    RTC_Alarm_IRQHandler                     0x080002b7   Thumb Code     0  startup_stm32f446xx.o(.text)
    RTC_WKUP_IRQHandler                      0x080002b7   Thumb Code     0  startup_stm32f446xx.o(.text)
    SAI1_IRQHandler                          0x080002b7   Thumb Code     0  startup_stm32f446xx.o(.text)
    SAI2_IRQHandler                          0x080002b7   Thumb Code     0  startup_stm32f446xx.o(.text)
    SDIO_IRQHandler                          0x080002b7   Thumb Code     0  startup_stm32f446xx.o(.text)
    SPDIF_RX_IRQHandler                      0x080002b7   Thumb Code     0  startup_stm32f446xx.o(.text)
    SPI1_IRQHandler                          0x080002b7   Thumb Code     0  startup_stm32f446xx.o(.text)
    SPI2_IRQHandler                          0x080002b7   Thumb Code     0  startup_stm32f446xx.o(.text)
    SPI3_IRQHandler                          0x080002b7   Thumb Code     0  startup_stm32f446xx.o(.text)
    SPI4_IRQHandler                          0x080002b7   Thumb Code     0  startup_stm32f446xx.o(.text)
    TAMP_STAMP_IRQHandler                    0x080002b7   Thumb Code     0  startup_stm32f446xx.o(.text)
    TIM1_BRK_TIM9_IRQHandler                 0x080002b7   Thumb Code     0  startup_stm32f446xx.o(.text)
    TIM1_CC_IRQHandler                       0x080002b7   Thumb Code     0  startup_stm32f446xx.o(.text)
    TIM1_TRG_COM_TIM11_IRQHandler            0x080002b7   Thumb Code     0  startup_stm32f446xx.o(.text)
    TIM1_UP_TIM10_IRQHandler                 0x080002b7   Thumb Code     0  startup_stm32f446xx.o(.text)
    TIM2_IRQHandler                          0x080002b7   Thumb Code     0  startup_stm32f446xx.o(.text)
    TIM3_IRQHandler                          0x080002b7   Thumb Code     0  startup_stm32f446xx.o(.text)
    TIM4_IRQHandler                          0x080002b7   Thumb Code     0  startup_stm32f446xx.o(.text)
    TIM5_IRQHandler                          0x080002b7   Thumb Code     0  startup_stm32f446xx.o(.text)
    TIM6_DAC_IRQHandler                      0x080002b7   Thumb Code     0  startup_stm32f446xx.o(.text)
    TIM7_IRQHandler                          0x080002b7   Thumb Code     0  startup_stm32f446xx.o(.text)
    TIM8_BRK_TIM12_IRQHandler                0x080002b7   Thumb Code     0  startup_stm32f446xx.o(.text)
    TIM8_CC_IRQHandler                       0x080002b7   Thumb Code     0  startup_stm32f446xx.o(.text)
    TIM8_TRG_COM_TIM14_IRQHandler            0x080002b7   Thumb Code     0  startup_stm32f446xx.o(.text)
    TIM8_UP_TIM13_IRQHandler                 0x080002b7   Thumb Code     0  startup_stm32f446xx.o(.text)
    UART4_IRQHandler                         0x080002b7   Thumb Code     0  startup_stm32f446xx.o(.text)
    UART5_IRQHandler                         0x080002b7   Thumb Code     0  startup_stm32f446xx.o(.text)
    USART1_IRQHandler                        0x080002b7   Thumb Code     0  startup_stm32f446xx.o(.text)
    USART2_IRQHandler                        0x080002b7   Thumb Code     0  startup_stm32f446xx.o(.text)
    USART3_IRQHandler                        0x080002b7   Thumb Code     0  startup_stm32f446xx.o(.text)
    USART6_IRQHandler                        0x080002b7   Thumb Code     0  startup_stm32f446xx.o(.text)
    WWDG_IRQHandler                          0x080002b7   Thumb Code     0  startup_stm32f446xx.o(.text)
    __user_initial_stackheap                 0x080002b9   Thumb Code     0  startup_stm32f446xx.o(.text)
    srand                                    0x080002dd   Thumb Code    42  rand.o(.text)
    _rand_init                               0x08000307   Thumb Code     4  rand.o(.text)
    __use_two_region_memory                  0x08000319   Thumb Code     2  heapauxi.o(.text)
    __rt_heap_escrow$2region                 0x0800031b   Thumb Code     2  heapauxi.o(.text)
    __rt_heap_expand$2region                 0x0800031d   Thumb Code     2  heapauxi.o(.text)
    __user_setup_stackheap                   0x0800031f   Thumb Code    74  sys_stackheap_outer.o(.text)
    exit                                     0x08000369   Thumb Code    18  exit.o(.text)
    __user_libspace                          0x0800037d   Thumb Code     8  libspace.o(.text)
    __user_perproc_libspace                  0x0800037d   Thumb Code     0  libspace.o(.text)
    __user_perthread_libspace                0x0800037d   Thumb Code     0  libspace.o(.text)
    __I$use$semihosting                      0x08000385   Thumb Code     0  use_no_semi.o(.text)
    __use_no_semihosting_swi                 0x08000385   Thumb Code     2  use_no_semi.o(.text)
    __semihosting_library_function           0x08000387   Thumb Code     0  indicate_semi.o(.text)
    _sys_exit                                0x08000389   Thumb Code     8  sys_exit.o(.text)
    Down_load                                0x08000395   Thumb Code   372  main.o(.text.Down_load)
    GPIO_Init                                0x08000509   Thumb Code    30  gpio.o(.text.GPIO_Init)
    GPIO_ReadPin                             0x08000529   Thumb Code    38  gpio.o(.text.GPIO_ReadPin)
    GPIO_WritePin                            0x08000551   Thumb Code    64  gpio.o(.text.GPIO_WritePin)
    Left_load                                0x08000591   Thumb Code   380  main.o(.text.Left_load)
    Right_load                               0x0800070d   Thumb Code   372  main.o(.text.Right_load)
    SysTick_Handler                          0x080008d5   Thumb Code    16  sys_init.o(.text.SysTick_Handler)
    SystemInit                               0x080008e5   Thumb Code    18  system_stm32f4xx.o(.text.SystemInit)
    Up_load                                  0x080008f9   Thumb Code   380  main.o(.text.Up_load)
    initClock                                0x08000ab9   Thumb Code   214  clock.o(.text.initClock)
    left_right_ani                           0x08000b91   Thumb Code   734  main.o(.text.left_right_ani)
    main                                     0x08000e71   Thumb Code  3224  main.o(.text.main)
    ms_delay                                 0x08001b09   Thumb Code    48  sys_init.o(.text.ms_delay)
    sysInit                                  0x08001b39   Thumb Code    16  sys_init.o(.text.sysInit)
    up_down_ani                              0x08001b49   Thumb Code   734  main.o(.text.up_down_ani)
    _fp_init                                 0x08001e27   Thumb Code    26  fpinit.o(x$fpl$fpinit)
    __fplib_config_fpu_vfp                   0x08001e3f   Thumb Code     0  fpinit.o(x$fpl$fpinit)
    __fplib_config_pureend_doubles           0x08001e3f   Thumb Code     0  fpinit.o(x$fpl$fpinit)
    Region$$Table$$Base                      0x08002200   Number         0  anon$$obj.o(Region$$Table)
    Region$$Table$$Limit                     0x08002220   Number         0  anon$$obj.o(Region$$Table)
    _random_number_data                      0x20000008   Data         228  rand.o(.bss)
    __libspace_start                         0x200000ec   Data          96  libspace.o(.bss)
    __temporary_stack_top$libspace           0x2000014c   Data           0  libspace.o(.bss)



==============================================================================

Memory Map of the image

  Image Entry point : 0x0800029d

  Load Region LR_1 (Base: 0x08000000, Size: 0x00002224, Max: 0xffffffff, ABSOLUTE)

    Execution Region ER_RO (Exec base: 0x08000000, Load base: 0x08000000, Size: 0x00002220, Max: 0xffffffff, ABSOLUTE)

    Exec Addr    Load Addr    Size         Type   Attr      Idx    E Section Name        Object

    0x08000000   0x08000000   0x000001c4   Data   RO          143    RESET               startup_stm32f446xx.o
    0x080001c4   0x080001c4   0x00000008   Code   RO          173  * !!!main             c_w.l(__main.o)
    0x080001cc   0x080001cc   0x00000034   Code   RO          338    !!!scatter          c_w.l(__scatter.o)
    0x08000200   0x08000200   0x0000001a   Code   RO          340    !!handler_copy      c_w.l(__scatter_copy.o)
    0x0800021a   0x0800021a   0x00000002   PAD
    0x0800021c   0x0800021c   0x0000001c   Code   RO          342    !!handler_zi        c_w.l(__scatter_zi.o)
    0x08000238   0x08000238   0x00000002   Code   RO          255    .ARM.Collect$$libinit$$00000000  c_w.l(libinit.o)
    0x0800023a   0x0800023a   0x00000004   Code   RO          176    .ARM.Collect$$libinit$$00000001  c_w.l(libinit2.o)
    0x0800023e   0x0800023e   0x00000000   Code   RO          179    .ARM.Collect$$libinit$$00000004  c_w.l(libinit2.o)
    0x0800023e   0x0800023e   0x00000000   Code   RO          181    .ARM.Collect$$libinit$$00000006  c_w.l(libinit2.o)
    0x0800023e   0x0800023e   0x00000000   Code   RO          184    .ARM.Collect$$libinit$$0000000C  c_w.l(libinit2.o)
    0x0800023e   0x0800023e   0x00000000   Code   RO          186    .ARM.Collect$$libinit$$0000000E  c_w.l(libinit2.o)
    0x0800023e   0x0800023e   0x00000004   Code   RO          187    .ARM.Collect$$libinit$$0000000F  c_w.l(libinit2.o)
    0x08000242   0x08000242   0x00000000   Code   RO          188    .ARM.Collect$$libinit$$00000010  c_w.l(libinit2.o)
    0x08000242   0x08000242   0x00000000   Code   RO          191    .ARM.Collect$$libinit$$00000013  c_w.l(libinit2.o)
    0x08000242   0x08000242   0x00000000   Code   RO          193    .ARM.Collect$$libinit$$00000015  c_w.l(libinit2.o)
    0x08000242   0x08000242   0x00000000   Code   RO          195    .ARM.Collect$$libinit$$00000017  c_w.l(libinit2.o)
    0x08000242   0x08000242   0x00000000   Code   RO          197    .ARM.Collect$$libinit$$00000019  c_w.l(libinit2.o)
    0x08000242   0x08000242   0x00000000   Code   RO          199    .ARM.Collect$$libinit$$0000001B  c_w.l(libinit2.o)
    0x08000242   0x08000242   0x00000000   Code   RO          201    .ARM.Collect$$libinit$$0000001D  c_w.l(libinit2.o)
    0x08000242   0x08000242   0x00000000   Code   RO          203    .ARM.Collect$$libinit$$0000001F  c_w.l(libinit2.o)
    0x08000242   0x08000242   0x00000000   Code   RO          205    .ARM.Collect$$libinit$$00000021  c_w.l(libinit2.o)
    0x08000242   0x08000242   0x00000000   Code   RO          207    .ARM.Collect$$libinit$$00000023  c_w.l(libinit2.o)
    0x08000242   0x08000242   0x00000000   Code   RO          209    .ARM.Collect$$libinit$$00000025  c_w.l(libinit2.o)
    0x08000242   0x08000242   0x00000000   Code   RO          211    .ARM.Collect$$libinit$$00000027  c_w.l(libinit2.o)
    0x08000242   0x08000242   0x00000000   Code   RO          215    .ARM.Collect$$libinit$$0000002E  c_w.l(libinit2.o)
    0x08000242   0x08000242   0x00000000   Code   RO          217    .ARM.Collect$$libinit$$00000030  c_w.l(libinit2.o)
    0x08000242   0x08000242   0x00000000   Code   RO          219    .ARM.Collect$$libinit$$00000032  c_w.l(libinit2.o)
    0x08000242   0x08000242   0x00000000   Code   RO          221    .ARM.Collect$$libinit$$00000034  c_w.l(libinit2.o)
    0x08000242   0x08000242   0x00000002   Code   RO          222    .ARM.Collect$$libinit$$00000035  c_w.l(libinit2.o)
    0x08000244   0x08000244   0x00000002   Code   RO          297    .ARM.Collect$$libshutdown$$00000000  c_w.l(libshutdown.o)
    0x08000246   0x08000246   0x00000000   Code   RO          305    .ARM.Collect$$libshutdown$$00000002  c_w.l(libshutdown2.o)
    0x08000246   0x08000246   0x00000000   Code   RO          307    .ARM.Collect$$libshutdown$$00000004  c_w.l(libshutdown2.o)
    0x08000246   0x08000246   0x00000000   Code   RO          310    .ARM.Collect$$libshutdown$$00000007  c_w.l(libshutdown2.o)
    0x08000246   0x08000246   0x00000000   Code   RO          313    .ARM.Collect$$libshutdown$$0000000A  c_w.l(libshutdown2.o)
    0x08000246   0x08000246   0x00000000   Code   RO          315    .ARM.Collect$$libshutdown$$0000000C  c_w.l(libshutdown2.o)
    0x08000246   0x08000246   0x00000000   Code   RO          318    .ARM.Collect$$libshutdown$$0000000F  c_w.l(libshutdown2.o)
    0x08000246   0x08000246   0x00000002   Code   RO          319    .ARM.Collect$$libshutdown$$00000010  c_w.l(libshutdown2.o)
    0x08000248   0x08000248   0x00000000   Code   RO          175    .ARM.Collect$$rtentry$$00000000  c_w.l(__rtentry.o)
    0x08000248   0x08000248   0x00000000   Code   RO          224    .ARM.Collect$$rtentry$$00000002  c_w.l(__rtentry2.o)
    0x08000248   0x08000248   0x00000006   Code   RO          236    .ARM.Collect$$rtentry$$00000004  c_w.l(__rtentry4.o)
    0x0800024e   0x0800024e   0x00000000   Code   RO          226    .ARM.Collect$$rtentry$$00000009  c_w.l(__rtentry2.o)
    0x0800024e   0x0800024e   0x00000004   Code   RO          227    .ARM.Collect$$rtentry$$0000000A  c_w.l(__rtentry2.o)
    0x08000252   0x08000252   0x00000000   Code   RO          229    .ARM.Collect$$rtentry$$0000000C  c_w.l(__rtentry2.o)
    0x08000252   0x08000252   0x00000008   Code   RO          230    .ARM.Collect$$rtentry$$0000000D  c_w.l(__rtentry2.o)
    0x0800025a   0x0800025a   0x00000002   Code   RO          263    .ARM.Collect$$rtexit$$00000000  c_w.l(rtexit.o)
    0x0800025c   0x0800025c   0x00000000   Code   RO          275    .ARM.Collect$$rtexit$$00000002  c_w.l(rtexit2.o)
    0x0800025c   0x0800025c   0x00000004   Code   RO          276    .ARM.Collect$$rtexit$$00000003  c_w.l(rtexit2.o)
    0x08000260   0x08000260   0x00000006   Code   RO          277    .ARM.Collect$$rtexit$$00000004  c_w.l(rtexit2.o)
    0x08000266   0x08000266   0x00000002   PAD
    0x08000268   0x08000268   0x00000034   Code   RO          166    .emb_text           c_w.l(rand.o)
    0x0800029c   0x0800029c   0x00000040   Code   RO          144  * .text               startup_stm32f446xx.o
    0x080002dc   0x080002dc   0x0000003c   Code   RO          167    .text               c_w.l(rand.o)
    0x08000318   0x08000318   0x00000006   Code   RO          171    .text               c_w.l(heapauxi.o)
    0x0800031e   0x0800031e   0x0000004a   Code   RO          242    .text               c_w.l(sys_stackheap_outer.o)
    0x08000368   0x08000368   0x00000012   Code   RO          244    .text               c_w.l(exit.o)
    0x0800037a   0x0800037a   0x00000002   PAD
    0x0800037c   0x0800037c   0x00000008   Code   RO          260    .text               c_w.l(libspace.o)
    0x08000384   0x08000384   0x00000002   Code   RO          271    .text               c_w.l(use_no_semi.o)
    0x08000386   0x08000386   0x00000000   Code   RO          273    .text               c_w.l(indicate_semi.o)
    0x08000386   0x08000386   0x00000002   PAD
    0x08000388   0x08000388   0x0000000c   Code   RO          287    .text               c_w.l(sys_exit.o)
    0x08000394   0x08000394   0x00000174   Code   RO           12    .text.Down_load     main.o
    0x08000508   0x08000508   0x0000001e   Code   RO           90    .text.GPIO_Init     gpio.o
    0x08000526   0x08000526   0x00000002   PAD
    0x08000528   0x08000528   0x00000026   Code   RO           88    .text.GPIO_ReadPin  gpio.o
    0x0800054e   0x0800054e   0x00000002   PAD
    0x08000550   0x08000550   0x00000040   Code   RO           86    .text.GPIO_WritePin  gpio.o
    0x08000590   0x08000590   0x0000017c   Code   RO            8    .text.Left_load     main.o
    0x0800070c   0x0800070c   0x00000174   Code   RO            6    .text.Right_load    main.o
    0x08000880   0x08000880   0x00000052   Code   RO          103    .text.SysTick_Config  sys_init.o
    0x080008d2   0x080008d2   0x00000002   PAD
    0x080008d4   0x080008d4   0x00000010   Code   RO           99    .text.SysTick_Handler  sys_init.o
    0x080008e4   0x080008e4   0x00000012   Code   RO          151    .text.SystemInit    system_stm32f4xx.o
    0x080008f6   0x080008f6   0x00000002   PAD
    0x080008f8   0x080008f8   0x0000017c   Code   RO           10    .text.Up_load       main.o
    0x08000a74   0x08000a74   0x00000042   Code   RO          109    .text.__NVIC_SetPriority  sys_init.o
    0x08000ab6   0x08000ab6   0x00000002   PAD
    0x08000ab8   0x08000ab8   0x000000d6   Code   RO           78    .text.initClock     clock.o
    0x08000b8e   0x08000b8e   0x00000002   PAD
    0x08000b90   0x08000b90   0x000002de   Code   RO           14    .text.left_right_ani  main.o
    0x08000e6e   0x08000e6e   0x00000002   PAD
    0x08000e70   0x08000e70   0x00000c98   Code   RO           18    .text.main          main.o
    0x08001b08   0x08001b08   0x00000030   Code   RO          107    .text.ms_delay      sys_init.o
    0x08001b38   0x08001b38   0x00000010   Code   RO          101    .text.sysInit       sys_init.o
    0x08001b48   0x08001b48   0x000002de   Code   RO           16    .text.up_down_ani   main.o
    0x08001e26   0x08001e26   0x0000001a   Code   RO          240    x$fpl$fpinit        fz_wm.l(fpinit.o)
    0x08001e40   0x08001e40   0x00000014   Data   RO           32    .rodata..L__const.Down_load.PA11  main.o
    0x08001e54   0x08001e54   0x00000014   Data   RO           33    .rodata..L__const.Down_load.PA12  main.o
    0x08001e68   0x08001e68   0x00000014   Data   RO           31    .rodata..L__const.Down_load.PA9  main.o
    0x08001e7c   0x08001e7c   0x00000014   Data   RO           25    .rodata..L__const.Left_load.PB13  main.o
    0x08001e90   0x08001e90   0x00000014   Data   RO           26    .rodata..L__const.Left_load.PB14  main.o
    0x08001ea4   0x08001ea4   0x00000014   Data   RO           27    .rodata..L__const.Left_load.PB15  main.o
    0x08001eb8   0x08001eb8   0x00000014   Data   RO           20    .rodata..L__const.Right_load.PA5  main.o
    0x08001ecc   0x08001ecc   0x00000014   Data   RO           21    .rodata..L__const.Right_load.PA6  main.o
    0x08001ee0   0x08001ee0   0x00000014   Data   RO           22    .rodata..L__const.Right_load.PA7  main.o
    0x08001ef4   0x08001ef4   0x00000014   Data   RO           29    .rodata..L__const.Up_load.PC10  main.o
    0x08001f08   0x08001f08   0x00000014   Data   RO           30    .rodata..L__const.Up_load.PC12  main.o
    0x08001f1c   0x08001f1c   0x00000014   Data   RO           28    .rodata..L__const.Up_load.PC13  main.o
    0x08001f30   0x08001f30   0x00000014   Data   RO           34    .rodata..L__const.left_right_ani.PA5  main.o
    0x08001f44   0x08001f44   0x00000014   Data   RO           35    .rodata..L__const.left_right_ani.PA6  main.o
    0x08001f58   0x08001f58   0x00000014   Data   RO           36    .rodata..L__const.left_right_ani.PA7  main.o
    0x08001f6c   0x08001f6c   0x00000014   Data   RO           37    .rodata..L__const.left_right_ani.PB13  main.o
    0x08001f80   0x08001f80   0x00000014   Data   RO           38    .rodata..L__const.left_right_ani.PB14  main.o
    0x08001f94   0x08001f94   0x00000014   Data   RO           39    .rodata..L__const.left_right_ani.PB15  main.o
    0x08001fa8   0x08001fa8   0x00000014   Data   RO           62    .rodata..L__const.main.G1_PC5  main.o
    0x08001fbc   0x08001fbc   0x00000014   Data   RO           66    .rodata..L__const.main.G2_PA0  main.o
    0x08001fd0   0x08001fd0   0x00000014   Data   RO           65    .rodata..L__const.main.IN_GreenLR  main.o
    0x08001fe4   0x08001fe4   0x00000014   Data   RO           69    .rodata..L__const.main.IN_GreenUD  main.o
    0x08001ff8   0x08001ff8   0x00000014   Data   RO           57    .rodata..L__const.main.IN_LoadD  main.o
    0x0800200c   0x0800200c   0x00000014   Data   RO           53    .rodata..L__const.main.IN_LoadL  main.o
    0x08002020   0x08002020   0x00000014   Data   RO           49    .rodata..L__const.main.IN_LoadR  main.o
    0x08002034   0x08002034   0x00000014   Data   RO           61    .rodata..L__const.main.IN_LoadU  main.o
    0x08002048   0x08002048   0x00000014   Data   RO           55    .rodata..L__const.main.PA11  main.o
    0x0800205c   0x0800205c   0x00000014   Data   RO           56    .rodata..L__const.main.PA12  main.o
    0x08002070   0x08002070   0x00000014   Data   RO           46    .rodata..L__const.main.PA5  main.o
    0x08002084   0x08002084   0x00000014   Data   RO           47    .rodata..L__const.main.PA6  main.o
    0x08002098   0x08002098   0x00000014   Data   RO           48    .rodata..L__const.main.PA7  main.o
    0x080020ac   0x080020ac   0x00000014   Data   RO           54    .rodata..L__const.main.PA9  main.o
    0x080020c0   0x080020c0   0x00000014   Data   RO           50    .rodata..L__const.main.PB13  main.o
    0x080020d4   0x080020d4   0x00000014   Data   RO           51    .rodata..L__const.main.PB14  main.o
    0x080020e8   0x080020e8   0x00000014   Data   RO           52    .rodata..L__const.main.PB15  main.o
    0x080020fc   0x080020fc   0x00000014   Data   RO           59    .rodata..L__const.main.PC10  main.o
    0x08002110   0x08002110   0x00000014   Data   RO           60    .rodata..L__const.main.PC12  main.o
    0x08002124   0x08002124   0x00000014   Data   RO           58    .rodata..L__const.main.PC13  main.o
    0x08002138   0x08002138   0x00000014   Data   RO           64    .rodata..L__const.main.R1_PC8  main.o
    0x0800214c   0x0800214c   0x00000014   Data   RO           68    .rodata..L__const.main.R2_PA4  main.o
    0x08002160   0x08002160   0x00000014   Data   RO           63    .rodata..L__const.main.Y1_PC6  main.o
    0x08002174   0x08002174   0x00000014   Data   RO           67    .rodata..L__const.main.Y2_PA1  main.o
    0x08002188   0x08002188   0x00000014   Data   RO           41    .rodata..L__const.up_down_ani.PA11  main.o
    0x0800219c   0x0800219c   0x00000014   Data   RO           42    .rodata..L__const.up_down_ani.PA12  main.o
    0x080021b0   0x080021b0   0x00000014   Data   RO           40    .rodata..L__const.up_down_ani.PA9  main.o
    0x080021c4   0x080021c4   0x00000014   Data   RO           44    .rodata..L__const.up_down_ani.PC10  main.o
    0x080021d8   0x080021d8   0x00000014   Data   RO           45    .rodata..L__const.up_down_ani.PC12  main.o
    0x080021ec   0x080021ec   0x00000014   Data   RO           43    .rodata..L__const.up_down_ani.PC13  main.o
    0x08002200   0x08002200   0x00000020   Data   RO          337    Region$$Table       anon$$obj.o


    Execution Region ER_RW (Exec base: 0x20000000, Load base: 0x08002220, Size: 0x00000004, Max: 0xffffffff, ABSOLUTE)

    Exec Addr    Load Addr    Size         Type   Attr      Idx    E Section Name        Object

    0x20000000   0x08002220   0x00000001   Data   RW           23    .data.high          main.o


    Execution Region ER_ZI (Exec base: 0x20000008, Load base: 0x08002224, Size: 0x00000750, Max: 0xffffffff, ABSOLUTE)

    Exec Addr    Load Addr    Size         Type   Attr      Idx    E Section Name        Object

    0x20000008        -       0x000000e4   Zero   RW          168    .bss                c_w.l(rand.o)
    0x200000ec        -       0x00000060   Zero   RW          261    .bss                c_w.l(libspace.o)
    0x2000014c        -       0x00000001   Zero   RW           24    .bss.low            main.o
    0x2000014d   0x08002224   0x00000003   PAD
    0x20000150        -       0x00000004   Zero   RW          111    .bss.msTicks        sys_init.o
    0x20000154   0x08002224   0x00000004   PAD
    0x20000158        -       0x00000200   Zero   RW          142    HEAP                startup_stm32f446xx.o
    0x20000358        -       0x00000400   Zero   RW          141    STACK               startup_stm32f446xx.o


==============================================================================

Image component sizes


      Code (inc. data)   RO Data    RW Data    ZI Data      Debug   Object Name

       214          0          0          0          0       1767   clock.o
       132          0          0          0          0       1622   gpio.o
      6196          0        960          1          1       6806   main.o
        64         26        452          0       1536        896   startup_stm32f446xx.o
       228          0          0          0          4       4631   sys_init.o
        18          0          0          0          0       2711   system_stm32f4xx.o

    ----------------------------------------------------------------------
      6866         26       1444          4       1548      18433   Object Totals
         0          0         32          0          0          0   (incl. Generated)
        14          0          0          3          7          0   (incl. Padding)

    ----------------------------------------------------------------------

      Code (inc. data)   RO Data    RW Data    ZI Data      Debug   Library Member Name

         8          0          0          0          0         68   __main.o
         0          0          0          0          0          0   __rtentry.o
        12          0          0          0          0          0   __rtentry2.o
         6          0          0          0          0          0   __rtentry4.o
        52          8          0          0          0          0   __scatter.o
        26          0          0          0          0          0   __scatter_copy.o
        28          0          0          0          0          0   __scatter_zi.o
        18          0          0          0          0         80   exit.o
         6          0          0          0          0        152   heapauxi.o
         0          0          0          0          0          0   indicate_semi.o
         2          0          0          0          0          0   libinit.o
        10          0          0          0          0          0   libinit2.o
         2          0          0          0          0          0   libshutdown.o
         2          0          0          0          0          0   libshutdown2.o
         8          4          0          0         96         68   libspace.o
       112         18          0          0        228        160   rand.o
         2          0          0          0          0          0   rtexit.o
        10          0          0          0          0          0   rtexit2.o
        12          4          0          0          0         68   sys_exit.o
        74          0          0          0          0         80   sys_stackheap_outer.o
         2          0          0          0          0         68   use_no_semi.o
        26          0          0          0          0        116   fpinit.o

    ----------------------------------------------------------------------
       426         34          0          0        324        860   Library Totals
         8          0          0          0          0          0   (incl. Padding)

    ----------------------------------------------------------------------

      Code (inc. data)   RO Data    RW Data    ZI Data      Debug   Library Name

       392         34          0          0        324        744   c_w.l
        26          0          0          0          0        116   fz_wm.l

    ----------------------------------------------------------------------
       426         34          0          0        324        860   Library Totals

    ----------------------------------------------------------------------

==============================================================================


      Code (inc. data)   RO Data    RW Data    ZI Data      Debug   

      7292         60       1444          4       1872      18953   Grand Totals
      7292         60       1444          4       1872      18953   ELF Image Totals
      7292         60       1444          4          0          0   ROM Totals

==============================================================================

    Total RO  Size (Code + RO Data)                 8736 (   8.53kB)
    Total RW  Size (RW Data + ZI Data)              1876 (   1.83kB)
    Total ROM Size (Code + RO Data + RW Data)       8740 (   8.54kB)

==============================================================================

